Archive member included to satisfy reference by file (symbol)

/nix/store/ih9psjpxn2pbbzw4klr9s6hmmngc52n8-gcc-arm-embedded-14.3.rel1/bin/../lib/gcc/arm-none-eabi/14.3.1/thumb/v6-m/nofp/libgcc.a(_dvmd_tls.o)
                              CMakeFiles/main.dir/pico-sdk/src/rp2_common/pico_divider/divider_hardware.S.o (__aeabi_idiv0)
/nix/store/ih9psjpxn2pbbzw4klr9s6hmmngc52n8-gcc-arm-embedded-14.3.rel1/bin/../lib/gcc/arm-none-eabi/14.3.1/../../../../arm-none-eabi/lib/thumb/v6-m/nofp/libg.a(libc_a-calloc.o)
                              CMakeFiles/main.dir/pico-sdk/src/rp2_common/pico_malloc/malloc.c.o (calloc)
/nix/store/ih9psjpxn2pbbzw4klr9s6hmmngc52n8-gcc-arm-embedded-14.3.rel1/bin/../lib/gcc/arm-none-eabi/14.3.1/../../../../arm-none-eabi/lib/thumb/v6-m/nofp/libg.a(libc_a-callocr.o)
                              /nix/store/ih9psjpxn2pbbzw4klr9s6hmmngc52n8-gcc-arm-embedded-14.3.rel1/bin/../lib/gcc/arm-none-eabi/14.3.1/../../../../arm-none-eabi/lib/thumb/v6-m/nofp/libg.a(libc_a-calloc.o) (_calloc_r)
/nix/store/ih9psjpxn2pbbzw4klr9s6hmmngc52n8-gcc-arm-embedded-14.3.rel1/bin/../lib/gcc/arm-none-eabi/14.3.1/../../../../arm-none-eabi/lib/thumb/v6-m/nofp/libg.a(libc_a-malloc.o)
                              CMakeFiles/main.dir/pico-sdk/src/rp2_common/pico_malloc/malloc.c.o (malloc)
/nix/store/ih9psjpxn2pbbzw4klr9s6hmmngc52n8-gcc-arm-embedded-14.3.rel1/bin/../lib/gcc/arm-none-eabi/14.3.1/../../../../arm-none-eabi/lib/thumb/v6-m/nofp/libg.a(libc_a-mallocr.o)
                              /nix/store/ih9psjpxn2pbbzw4klr9s6hmmngc52n8-gcc-arm-embedded-14.3.rel1/bin/../lib/gcc/arm-none-eabi/14.3.1/../../../../arm-none-eabi/lib/thumb/v6-m/nofp/libg.a(libc_a-callocr.o) (_malloc_r)
/nix/store/ih9psjpxn2pbbzw4klr9s6hmmngc52n8-gcc-arm-embedded-14.3.rel1/bin/../lib/gcc/arm-none-eabi/14.3.1/../../../../arm-none-eabi/lib/thumb/v6-m/nofp/libg.a(libc_a-mlock.o)
                              /nix/store/ih9psjpxn2pbbzw4klr9s6hmmngc52n8-gcc-arm-embedded-14.3.rel1/bin/../lib/gcc/arm-none-eabi/14.3.1/../../../../arm-none-eabi/lib/thumb/v6-m/nofp/libg.a(libc_a-mallocr.o) (__malloc_lock)
/nix/store/ih9psjpxn2pbbzw4klr9s6hmmngc52n8-gcc-arm-embedded-14.3.rel1/bin/../lib/gcc/arm-none-eabi/14.3.1/../../../../arm-none-eabi/lib/thumb/v6-m/nofp/libg.a(libc_a-realloc.o)
                              CMakeFiles/main.dir/pico-sdk/src/rp2_common/pico_malloc/malloc.c.o (realloc)
/nix/store/ih9psjpxn2pbbzw4klr9s6hmmngc52n8-gcc-arm-embedded-14.3.rel1/bin/../lib/gcc/arm-none-eabi/14.3.1/../../../../arm-none-eabi/lib/thumb/v6-m/nofp/libg.a(libc_a-reallocr.o)
                              /nix/store/ih9psjpxn2pbbzw4klr9s6hmmngc52n8-gcc-arm-embedded-14.3.rel1/bin/../lib/gcc/arm-none-eabi/14.3.1/../../../../arm-none-eabi/lib/thumb/v6-m/nofp/libg.a(libc_a-realloc.o) (_realloc_r)
/nix/store/ih9psjpxn2pbbzw4klr9s6hmmngc52n8-gcc-arm-embedded-14.3.rel1/bin/../lib/gcc/arm-none-eabi/14.3.1/../../../../arm-none-eabi/lib/thumb/v6-m/nofp/libg.a(libc_a-memcmp.o)
                              CMakeFiles/main.dir/pico-sdk/src/rp2_common/pico_atomic/atomic.c.o (memcmp)
/nix/store/ih9psjpxn2pbbzw4klr9s6hmmngc52n8-gcc-arm-embedded-14.3.rel1/bin/../lib/gcc/arm-none-eabi/14.3.1/../../../../arm-none-eabi/lib/thumb/v6-m/nofp/libg.a(libc_a-memmove.o)
                              CMakeFiles/main.dir/pico-sdk/lib/cyw43-driver/src/cyw43_ll.c.o (memmove)
/nix/store/ih9psjpxn2pbbzw4klr9s6hmmngc52n8-gcc-arm-embedded-14.3.rel1/bin/../lib/gcc/arm-none-eabi/14.3.1/../../../../arm-none-eabi/lib/thumb/v6-m/nofp/libg.a(libc_a-strncmp.o)
                              CMakeFiles/main.dir/pico-sdk/lib/cyw43-driver/src/cyw43_ll.c.o (strncmp)
/nix/store/ih9psjpxn2pbbzw4klr9s6hmmngc52n8-gcc-arm-embedded-14.3.rel1/bin/../lib/gcc/arm-none-eabi/14.3.1/../../../../arm-none-eabi/lib/thumb/v6-m/nofp/libg.a(libc_a-lcltime_r.o)
                              CMakeFiles/main.dir/pico-sdk/src/common/pico_util/datetime.c.o (localtime_r)
/nix/store/ih9psjpxn2pbbzw4klr9s6hmmngc52n8-gcc-arm-embedded-14.3.rel1/bin/../lib/gcc/arm-none-eabi/14.3.1/../../../../arm-none-eabi/lib/thumb/v6-m/nofp/libg.a(libc_a-mktime.o)
                              CMakeFiles/main.dir/pico-sdk/src/common/pico_util/datetime.c.o (mktime)
/nix/store/ih9psjpxn2pbbzw4klr9s6hmmngc52n8-gcc-arm-embedded-14.3.rel1/bin/../lib/gcc/arm-none-eabi/14.3.1/../../../../arm-none-eabi/lib/thumb/v6-m/nofp/libg.a(libc_a-month_lengths.o)
                              /nix/store/ih9psjpxn2pbbzw4klr9s6hmmngc52n8-gcc-arm-embedded-14.3.rel1/bin/../lib/gcc/arm-none-eabi/14.3.1/../../../../arm-none-eabi/lib/thumb/v6-m/nofp/libg.a(libc_a-lcltime_r.o) (__month_lengths)
/nix/store/ih9psjpxn2pbbzw4klr9s6hmmngc52n8-gcc-arm-embedded-14.3.rel1/bin/../lib/gcc/arm-none-eabi/14.3.1/../../../../arm-none-eabi/lib/thumb/v6-m/nofp/libg.a(libc_a-tzcalc_limits.o)
[...]
Memory Configuration

Name             Origin             Length             Attributes
FLASH            0x10000000         0x00200000         xr
RAM              0x20000000         0x00040000         xrw
SCRATCH_X        0x20040000         0x00001000         xrw
SCRATCH_Y        0x20041000         0x00001000         xrw
*default*        0x00000000         0xffffffff

Linker script and memory map

LOAD /nix/store/ih9psjpxn2pbbzw4klr9s6hmmngc52n8-gcc-arm-embedded-14.3.rel1/bin/../lib/gcc/arm-none-eabi/14.3.1/thumb/v6-m/nofp/crti.o
LOAD /nix/store/ih9psjpxn2pbbzw4klr9s6hmmngc52n8-gcc-arm-embedded-14.3.rel1/bin/../lib/gcc/arm-none-eabi/14.3.1/thumb/v6-m/nofp/crtbegin.o
LOAD /nix/store/ih9psjpxn2pbbzw4klr9s6hmmngc52n8-gcc-arm-embedded-14.3.rel1/bin/../lib/gcc/arm-none-eabi/14.3.1/../../../../arm-none-eabi/lib/thumb/v6-m/nofp/crt0.o

.flash_begin    0x10000000        0x0
                0x10000000                        __flash_binary_start = .

.boot2          0x10000000      0x100
                0x10000000                        __boot2_start__ = .
 *(.boot2)
 .boot2         0x10000000      0x100 pico-sdk/src/rp2040/boot_stage2/CMakeFiles/bs2_default_library.dir/bs2_default_padded_checksummed.S.o
                0x10000100                        __boot2_end__ = .
                0x00000001                        ASSERT (((__boot2_end__ - __boot2_start__) == 0x100), ERROR: Pico second stage bootloader must be 256 bytes in size)

.text           0x10000100     0x677c
                0x10000100                        __logical_binary_start = .
 *(.vectors)
 .vectors       0x10000100       0xd4 CMakeFiles/main.dir/pico-sdk/src/rp2_common/pico_crt0/crt0.S.o
                0x10000100                __vectors
                0x10000100                __VECTOR_TABLE
                0x100001c0                isr_irq30
                0x100001c0                __unhandled_user_irq
                0x100001c0                isr_irq13
                0x100001c0                isr_irq27
                0x100001c0                isr_irq31
                0x100001c0                isr_irq5
                0x100001c0                isr_irq11
                0x100001c0                isr_irq23
                0x100001c0                isr_irq18
                0x100001c0                isr_irq28
                0x100001c0                isr_irq19
                0x100001c0                isr_irq0
                0x100001c0                isr_irq6
                0x100001c0                isr_irq22
                0x100001c0                isr_irq17
                0x100001c0                isr_irq14
                0x100001c0                __vectors_end
                0x100001c0                __default_isrs_start
                0x100001c0                isr_irq2
                0x100001c0                isr_irq10
                0x100001c0                isr_irq8
                0x100001c0                isr_irq24
                0x100001c0                isr_irq1
                0x100001c0                isr_irq7
                0x100001c0                isr_irq21
                0x100001c0                isr_irq20
                0x100001c0                isr_irq15
                0x100001c0                isr_irq25
                0x100001c0                isr_irq4
                0x100001c0                isr_irq16
                0x100001c0                isr_irq29
                0x100001c0                isr_irq26
                0x100001c0                isr_irq3
                0x100001c0                isr_irq12
                0x100001c0                isr_irq9
                0x100001c6                unhandled_user_irq_num_in_r0
                0x100001c8                isr_invalid
                0x100001ca                isr_nmi
                0x100001cc                isr_hardfault
                0x100001ce                isr_svcall
                0x100001d0                isr_pendsv
                0x100001d2                isr_systick
                0x100001d4                __default_isrs_end
 *(.binary_info_header)
 .binary_info_header
                0x100001d4       0x14 CMakeFiles/main.dir/pico-sdk/src/rp2_common/pico_crt0/crt0.S.o
                0x100001e8                        __binary_info_header_end = .
 *(.embedded_block)
                0x100001e8                        __embedded_block_end = .
 *(.reset)
 .reset         0x100001e8       0x9c CMakeFiles/main.dir/pico-sdk/src/rp2_common/pico_crt0/crt0.S.o
                0x100001e8                _entry_point
 *(.init)
 .init          0x10000284        0x4 /nix/store/ih9psjpxn2pbbzw4klr9s6hmmngc52n8-gcc-arm-embedded-14.3.rel1/bin/../lib/gcc/arm-none-eabi/14.3.1/thumb/v6-m/nofp/crti.o
                0x10000284                _init
 *(EXCLUDE_FILE(*libm.a: *libc.a:*lib_a-mem*.o *libgcc.a:) .text*)
 .text.register_tm_clones
                0x10000288       0x28 /nix/store/ih9psjpxn2pbbzw4klr9s6hmmngc52n8-gcc-arm-embedded-14.3.rel1/bin/../lib/gcc/arm-none-eabi/14.3.1/thumb/v6-m/nofp/crtbegin.o
 .text.frame_dummy
                0x100002b0       0x24 /nix/store/ih9psjpxn2pbbzw4klr9s6hmmngc52n8-gcc-arm-embedded-14.3.rel1/bin/../lib/gcc/arm-none-eabi/14.3.1/thumb/v6-m/nofp/crtbegin.o
 .text.startup.main
                0x100002d4      0x174 CMakeFiles/main.dir/main.cpp.o
                0x100002d4                main
 .text.gpio_set_function
                0x10000448       0x34 CMakeFiles/main.dir/pico-sdk/src/rp2_common/hardware_gpio/gpio.c.o
                0x10000448                gpio_set_function
 .text.rp2040_chip_version
                0x1000047c        0xc CMakeFiles/main.dir/pico-sdk/src/rp2040/pico_platform/platform.c.o
                0x1000047c                rp2040_chip_version
 .text.panic    0x10000488       0x30 CMakeFiles/main.dir/pico-sdk/src/rp2_common/pico_platform_panic/panic.c.o
                0x10000488                panic
 .text.hw_claim_or_assert
                0x100004b8       0x44 CMakeFiles/main.dir/pico-sdk/src/common/hardware_claim/claim.c.o
                0x100004b8                hw_claim_or_assert
 .text.hw_claim_unused_from_range
                0x100004fc       0x88 CMakeFiles/main.dir/pico-sdk/src/common/hardware_claim/claim.c.o
                0x100004fc                hw_claim_unused_from_range
 .text.next_striped_spin_lock_num
                0x10000584       0x18 CMakeFiles/main.dir/pico-sdk/src/rp2_common/hardware_sync/sync.c.o
                0x10000584                next_striped_spin_lock_num
 .text.spin_lock_claim_unused
                0x1000059c       0x24 CMakeFiles/main.dir/pico-sdk/src/rp2_common/hardware_sync/sync.c.o
                0x1000059c                spin_lock_claim_unused
 .text.spin_locks_reset
                0x100005c0       0x1c CMakeFiles/main.dir/pico-sdk/src/rp2_common/hardware_sync_spin_lock/sync_spin_lock.c.o
                0x100005c0                spin_locks_reset
 .text.runtime_init_per_core_irq_priorities
                0x100005dc       0x24 CMakeFiles/main.dir/pico-sdk/src/rp2_common/hardware_irq/irq.c.o
                0x100005dc                runtime_init_per_core_irq_priorities
 .text.irq_set_enabled
                0x10000600       0x24 CMakeFiles/main.dir/pico-sdk/src/rp2_common/hardware_irq/irq.c.o
                0x10000600                irq_set_enabled
 .text.irq_is_enabled
                0x10000624       0x18 CMakeFiles/main.dir/pico-sdk/src/rp2_common/hardware_irq/irq.c.o
                0x10000624                irq_is_enabled
 .text.irq_set_pending
                0x1000063c       0x10 CMakeFiles/main.dir/pico-sdk/src/rp2_common/hardware_irq/irq.c.o
                0x1000063c                irq_set_pending
 .text.irq_has_shared_handler
                0x1000064c       0x24 CMakeFiles/main.dir/pico-sdk/src/rp2_common/hardware_irq/irq.c.o
                0x1000064c                irq_has_shared_handler
 .text.irq_set_exclusive_handler
                0x10000670       0x54 CMakeFiles/main.dir/pico-sdk/src/rp2_common/hardware_irq/irq.c.o
                0x10000670                irq_set_exclusive_handler
 .text.irq_add_shared_handler
                0x100006c4      0x1f4 CMakeFiles/main.dir/pico-sdk/src/rp2_common/hardware_irq/irq.c.o
                0x100006c4                irq_add_shared_handler
 .text.irq_add_tail_to_free_list
                0x100008b8       0xb4 CMakeFiles/main.dir/pico-sdk/src/rp2_common/hardware_irq/irq.c.o
                0x100008b8                irq_add_tail_to_free_list
 .text.user_irq_claim_unused
                0x1000096c       0x2c CMakeFiles/main.dir/pico-sdk/src/rp2_common/hardware_irq/irq.c.o
                0x1000096c                user_irq_claim_unused
 .text.lock_init
                0x10000998       0x10 CMakeFiles/main.dir/pico-sdk/src/common/pico_sync/lock_core.c.o
                0x10000998                lock_init
 .text.runtime_init_mutex
                0x100009a8       0x50 CMakeFiles/main.dir/pico-sdk/src/common/pico_sync/mutex.c.o
                0x100009a8                runtime_init_mutex
 .text.mutex_init
                0x100009f8       0x1c CMakeFiles/main.dir/pico-sdk/src/common/pico_sync/mutex.c.o
                0x100009f8                mutex_init
 .text.critical_section_init
                0x10000a14       0x1c CMakeFiles/main.dir/pico-sdk/src/common/pico_sync/critical_section.c.o
                0x10000a14                critical_section_init
 .text.critical_section_init_with_lock_num
                0x10000a30       0x14 CMakeFiles/main.dir/pico-sdk/src/common/pico_sync/critical_section.c.o
                0x10000a30                critical_section_init_with_lock_num
 .text.sleep_until_callback
                0x10000a44       0x30 CMakeFiles/main.dir/pico-sdk/src/common/pico_time/time.c.o
 .text.alarm_pool_irq_handler
                0x10000a74      0x2f8 CMakeFiles/main.dir/pico-sdk/src/common/pico_time/time.c.o
 .text.runtime_init_default_alarm_pool
                0x10000d6c       0xdc CMakeFiles/main.dir/pico-sdk/src/common/pico_time/time.c.o
                0x10000d6c                runtime_init_default_alarm_pool
 .text.alarm_pool_get_default
                0x10000e48        0x8 CMakeFiles/main.dir/pico-sdk/src/common/pico_time/time.c.o
                0x10000e48                alarm_pool_get_default
 .text.alarm_pool_add_alarm_at
                0x10000e50       0xd0 CMakeFiles/main.dir/pico-sdk/src/common/pico_time/time.c.o
                0x10000e50                alarm_pool_add_alarm_at
 .text.alarm_pool_add_alarm_at_force_in_context
                0x10000f20       0xb0 CMakeFiles/main.dir/pico-sdk/src/common/pico_time/time.c.o
                0x10000f20                alarm_pool_add_alarm_at_force_in_context
 .text.alarm_pool_cancel_alarm
                0x10000fd0       0x74 CMakeFiles/main.dir/pico-sdk/src/common/pico_time/time.c.o
                0x10000fd0                alarm_pool_cancel_alarm
 .text.alarm_pool_core_num
                0x10001044        0x4 CMakeFiles/main.dir/pico-sdk/src/common/pico_time/time.c.o
                0x10001044                alarm_pool_core_num
 .text.sleep_ms
                0x10001048       0xfc CMakeFiles/main.dir/pico-sdk/src/common/pico_time/time.c.o
                0x10001048                sleep_ms
 .text.best_effort_wfe_or_timeout
                0x10001144      0x10c CMakeFiles/main.dir/pico-sdk/src/common/pico_time/time.c.o
                0x10001144                best_effort_wfe_or_timeout
 .text.timer_hardware_alarm_claim
                0x10001250       0x14 CMakeFiles/main.dir/pico-sdk/src/rp2_common/hardware_timer/timer.c.o
                0x10001250                timer_hardware_alarm_claim
 .text.timer_time_us_64
                0x10001264       0x10 CMakeFiles/main.dir/pico-sdk/src/rp2_common/hardware_timer/timer.c.o
                0x10001264                timer_time_us_64
 .text.time_us_64
                0x10001274       0x14 CMakeFiles/main.dir/pico-sdk/src/rp2_common/hardware_timer/timer.c.o
                0x10001274                time_us_64
 .text.busy_wait_until
                0x10001288       0x20 CMakeFiles/main.dir/pico-sdk/src/rp2_common/hardware_timer/timer.c.o
                0x10001288                busy_wait_until
 .text.clock_configure_int_divider
                0x100012a8       0xf4 CMakeFiles/main.dir/pico-sdk/src/rp2_common/hardware_clocks/clocks.c.o
                0x100012a8                clock_configure_int_divider
 .text.clock_configure_undivided
                0x1000139c       0xe8 CMakeFiles/main.dir/pico-sdk/src/rp2_common/hardware_clocks/clocks.c.o
                0x1000139c                clock_configure_undivided
 .text.clock_get_hz
                0x10001484        0xc CMakeFiles/main.dir/pico-sdk/src/rp2_common/hardware_clocks/clocks.c.o
                0x10001484                clock_get_hz
 .text.pll_init
                0x10001490       0xa4 CMakeFiles/main.dir/pico-sdk/src/rp2_common/hardware_pll/pll.c.o
                0x10001490                pll_init
 .text.watchdog_reboot
                0x10001534       0x9c CMakeFiles/main.dir/pico-sdk/src/rp2_common/hardware_watchdog/watchdog.c.o
                0x10001534                watchdog_reboot
 .text.tick_start
                0x100015d0       0x10 CMakeFiles/main.dir/pico-sdk/src/rp2_common/hardware_ticks/ticks.c.o
                0x100015d0                tick_start
 .text.rom_func_lookup
                0x100015e0       0x10 CMakeFiles/main.dir/pico-sdk/src/rp2_common/pico_bootrom/bootrom.c.o
                0x100015e0                rom_func_lookup
 .text.rom_data_lookup
                0x100015f0       0x10 CMakeFiles/main.dir/pico-sdk/src/rp2_common/pico_bootrom/bootrom.c.o
                0x100015f0                rom_data_lookup
 .text.rom_funcs_lookup
                0x10001600       0x44 CMakeFiles/main.dir/pico-sdk/src/rp2_common/pico_bootrom/bootrom.c.o
                0x10001600                rom_funcs_lookup
 .text.rom_reset_usb_boot_extra
                0x10001644       0x24 CMakeFiles/main.dir/pico-sdk/src/rp2_common/pico_bootrom/bootrom.c.o
                0x10001644                rom_reset_usb_boot_extra
 .text.xosc_init
                0x10001668       0x28 CMakeFiles/main.dir/pico-sdk/src/rp2_common/hardware_xosc/xosc.c.o
                0x10001668                xosc_init
 .text.first_per_core_initializer
                0x10001690        0x4 CMakeFiles/main.dir/pico-sdk/src/rp2_common/pico_runtime/runtime.c.o
 .text.hard_assertion_failure
                0x10001694        0xc CMakeFiles/main.dir/pico-sdk/src/rp2_common/pico_runtime/runtime.c.o
                0x10001694                hard_assertion_failure
 .text.runtime_run_initializers
                0x100016a0       0x28 CMakeFiles/main.dir/pico-sdk/src/rp2_common/pico_runtime/runtime.c.o
                0x100016a0                runtime_run_initializers
 .text.runtime_init_early_resets
                0x100016c8       0x2c CMakeFiles/main.dir/pico-sdk/src/rp2_common/pico_runtime_init/runtime_init.c.o
                0x100016c8                runtime_init_early_resets
 .text.runtime_init_usb_power_down
                0x100016f4       0x1c CMakeFiles/main.dir/pico-sdk/src/rp2_common/pico_runtime_init/runtime_init.c.o
                0x100016f4                runtime_init_usb_power_down
 .text.runtime_init_post_clock_resets
                0x10001710       0x20 CMakeFiles/main.dir/pico-sdk/src/rp2_common/pico_runtime_init/runtime_init.c.o
                0x10001710                runtime_init_post_clock_resets
 .text.runtime_init_rp2040_gpio_ie_disable
                0x10001730       0x14 CMakeFiles/main.dir/pico-sdk/src/rp2_common/pico_runtime_init/runtime_init.c.o
                0x10001730                runtime_init_rp2040_gpio_ie_disable
 .text.runtime_init_spin_locks_reset
                0x10001744        0x8 CMakeFiles/main.dir/pico-sdk/src/rp2_common/pico_runtime_init/runtime_init.c.o
                0x10001744                runtime_init_spin_locks_reset
 .text.runtime_init_install_ram_vector_table
                0x1000174c       0xb4 CMakeFiles/main.dir/pico-sdk/src/rp2_common/pico_runtime_init/runtime_init.c.o
                0x1000174c                runtime_init_install_ram_vector_table
 .text.runtime_init_clocks
                0x10001800       0xd8 CMakeFiles/main.dir/pico-sdk/src/rp2_common/pico_runtime_init/runtime_init_clocks.c.o
                0x10001800                runtime_init_clocks
 .text          0x100018d8       0x10 CMakeFiles/main.dir/pico-sdk/src/rp2_common/pico_bit_ops/bit_ops_aeabi.S.o
 .text.__wrap___aeabi_idiv
                0x100018e8       0x50 CMakeFiles/main.dir/pico-sdk/src/rp2_common/pico_divider/divider_hardware.S.o
                0x100018e8                __wrap___aeabi_idivmod
                0x100018e8                divmod_s32s32
                0x100018e8                div_s32s32
                0x100018e8                __wrap___aeabi_idiv
                0x100018f0                divmod_s32s32_unsafe
                0x1000191c                divmod_s32s32_savestate
 .text.__wrap___aeabi_uidiv
                0x10001938       0x4c CMakeFiles/main.dir/pico-sdk/src/rp2_common/pico_divider/divider_hardware.S.o
                0x10001938                __wrap___aeabi_uidiv
                0x10001938                __wrap___aeabi_uidivmod
                0x10001938                div_u32u32
                0x10001938                divmod_u32u32
                0x10001940                divmod_u32u32_unsafe
                0x10001968                divmod_u32u32_savestate
 .text.__wrap___aeabi_ldiv
                0x10001984      0x424 CMakeFiles/main.dir/pico-sdk/src/rp2_common/pico_divider/divider_hardware.S.o
                0x10001984                div_s64s64
                0x10001984                divmod_s64s64
                0x10001984                __wrap___aeabi_ldivmod
                0x100019b4                div_u64u64
                0x100019b4                divmod_u64u64
                0x100019b4                __wrap___aeabi_uldivmod
                0x100019c4                divmod_u64u64_savestate
                0x100019e4                divmod_s64s64_unsafe
                0x10001a6c                divmod_u64u64_unsafe
 .text.__wrap___aeabi_darithmetic
                0x10001da8       0x60 CMakeFiles/main.dir/pico-sdk/src/rp2_common/pico_double/double_aeabi_rp2040.S.o
                0x10001da8                __wrap___aeabi_drsub
                0x10001dae                __wrap___aeabi_dsub
                0x10001db8                __wrap___aeabi_dadd
                0x10001dc2                __wrap___aeabi_ddiv
                0x10001df6                __wrap___aeabi_dmul
 .text.__wrap___aeabi_cdcmple
                0x10001e08       0x6c CMakeFiles/main.dir/pico-sdk/src/rp2_common/pico_double/double_aeabi_rp2040.S.o
                0x10001e08                __wrap___aeabi_cdrcmple
                0x10001e18                __wrap___aeabi_cdcmple
                0x10001e18                __wrap___aeabi_cdcmpeq
 .text.__wrap___aeabi_dcmplt
                0x10001e74        0xc CMakeFiles/main.dir/pico-sdk/src/rp2_common/pico_double/double_aeabi_rp2040.S.o
                0x10001e74                __wrap___aeabi_dcmplt
 .text.__wrap___aeabi_dcmple
                0x10001e80       0x10 CMakeFiles/main.dir/pico-sdk/src/rp2_common/pico_double/double_aeabi_rp2040.S.o
                0x10001e80                __wrap___aeabi_dcmple
 .text.__wrap___aeabi_dcmpge
                0x10001e90       0x10 CMakeFiles/main.dir/pico-sdk/src/rp2_common/pico_double/double_aeabi_rp2040.S.o
                0x10001e90                __wrap___aeabi_dcmpge
 .text.__wrap___aeabi_dcmpgt
                0x10001ea0        0xa CMakeFiles/main.dir/pico-sdk/src/rp2_common/pico_double/double_aeabi_rp2040.S.o
                0x10001ea0                __wrap___aeabi_dcmpgt
 .text.__wrap___aeabi_dcmpun
                0x10001eaa       0x18 CMakeFiles/main.dir/pico-sdk/src/rp2_common/pico_double/double_aeabi_rp2040.S.o
                0x10001eaa                __wrap___aeabi_dcmpun
 *fill*         0x10001ec2        0x2 
 .text.__wrap___aeabi_i2d
                0x10001ec4       0x38 CMakeFiles/main.dir/pico-sdk/src/rp2_common/pico_double/double_aeabi_rp2040.S.o
                0x10001ec4                __wrap___aeabi_ui2d
                0x10001ec4                uint2double
                0x10001ecc                __wrap___aeabi_i2d
                0x10001ecc                int2double
 .text.__wrap___aeabi_d2iz
                0x10001efc       0x48 CMakeFiles/main.dir/pico-sdk/src/rp2_common/pico_double/double_aeabi_rp2040.S.o
                0x10001efc                __wrap___aeabi_d2iz
                0x10001efc                double2int_z
 .text.__wrap___aeabi_d2uiz
                0x10001f44       0x10 CMakeFiles/main.dir/pico-sdk/src/rp2_common/pico_double/double_aeabi_rp2040.S.o
                0x10001f44                double2uint_z
                0x10001f44                double2uint
                0x10001f44                __wrap___aeabi_d2uiz
 .text.__wrap___aeabi_d2f
                0x10001f54       0x10 CMakeFiles/main.dir/pico-sdk/src/rp2_common/pico_double/double_aeabi_rp2040.S.o
                0x10001f54                __wrap___aeabi_d2f
 .text.missing_double_func_shim
                0x10001f64        0xc CMakeFiles/main.dir/pico-sdk/src/rp2_common/pico_double/double_init_rom_rp2040.c.o
 .text.__aeabi_double_init
                0x10001f70       0xa0 CMakeFiles/main.dir/pico-sdk/src/rp2_common/pico_double/double_init_rom_rp2040.c.o
                0x10001f70                __aeabi_double_init
 .text.double_table_shim_on_use_helper
                0x10002010       0x2c CMakeFiles/main.dir/pico-sdk/src/rp2_common/pico_double/double_v1_rom_shim_rp2040.S.o
                0x10002010                double_table_shim_on_use_helper
 .text.__aeabi_lmul
                0x1000203c       0x32 CMakeFiles/main.dir/pico-sdk/src/rp2_common/pico_int64_ops/pico_int64_ops_aeabi.S.o
                0x1000203c                __wrap___aeabi_lmul
 *fill*         0x1000206e        0x2 
 .text.__wrap___aeabi_farithmetic
                0x10002070       0x48 CMakeFiles/main.dir/pico-sdk/src/rp2_common/pico_float/float_aeabi_rp2040.S.o
                0x10002070                __wrap___aeabi_frsub
                0x10002076                __wrap___aeabi_fsub
                0x1000207c                __wrap___aeabi_fadd
                0x10002082                __wrap___aeabi_fdiv
                0x100020aa                __wrap___aeabi_fmul
 .text.__wrap___aeabi_cfcmple
                0x100020b8       0x50 CMakeFiles/main.dir/pico-sdk/src/rp2_common/pico_float/float_aeabi_rp2040.S.o
                0x100020b8                __wrap___aeabi_cfrcmple
                0x100020c4                __wrap___aeabi_cfcmpeq
                0x100020c4                __wrap___aeabi_cfcmple
 .text.__wrap___aeabi_fcmpgt
                0x10002108        0xa CMakeFiles/main.dir/pico-sdk/src/rp2_common/pico_float/float_aeabi_rp2040.S.o
                0x10002108                __wrap___aeabi_fcmpgt
 .text.__wrap___aeabi_ui2f
                0x10002112        0xa CMakeFiles/main.dir/pico-sdk/src/rp2_common/pico_float/float_aeabi_rp2040.S.o
                0x10002112                uint2float
                0x10002112                __wrap___aeabi_ui2f
 .text.__wrap___aeabi_i2f
                0x1000211c       0x44 CMakeFiles/main.dir/pico-sdk/src/rp2_common/pico_float/float_aeabi_rp2040.S.o
                0x1000211c                int2float
                0x1000211c                __wrap___aeabi_i2f
 .text.__wrap___aeabi_f2d
                0x10002160        0xc CMakeFiles/main.dir/pico-sdk/src/rp2_common/pico_float/float_aeabi_rp2040.S.o
                0x10002160                __wrap___aeabi_f2d
 .text.missing_float_func_shim
                0x1000216c        0xc CMakeFiles/main.dir/pico-sdk/src/rp2_common/pico_float/float_init_rom_rp2040.c.o
 .text.__aeabi_float_init
                0x10002178       0x5c CMakeFiles/main.dir/pico-sdk/src/rp2_common/pico_float/float_init_rom_rp2040.c.o
                0x10002178                __aeabi_float_init
 .text          0x100021d4       0x10 CMakeFiles/main.dir/pico-sdk/src/rp2_common/pico_mem_ops/mem_ops_aeabi.S.o
                0x100021d4                __aeabi_mem_init
 .text.memset   0x100021e4        0xc CMakeFiles/main.dir/pico-sdk/src/rp2_common/pico_mem_ops/mem_ops_aeabi.S.o
                0x100021e4                __wrap_memset
 .text.memcpy   0x100021f0        0xc CMakeFiles/main.dir/pico-sdk/src/rp2_common/pico_mem_ops/mem_ops_aeabi.S.o
                0x100021f0                __wrap___aeabi_memcpy
                0x100021f0                __wrap_memcpy
 .text._out_null
                0x100021fc        0x4 CMakeFiles/main.dir/pico-sdk/src/rp2_common/pico_printf/printf.c.o
 .text._out_rev
                0x10002200       0xac CMakeFiles/main.dir/pico-sdk/src/rp2_common/pico_printf/printf.c.o
 .text._ntoa_format
                0x100022ac      0x1cc CMakeFiles/main.dir/pico-sdk/src/rp2_common/pico_printf/printf.c.o
 .text._out_char
                0x10002478       0x10 CMakeFiles/main.dir/pico-sdk/src/rp2_common/pico_printf/printf.c.o
 .text._out_fct
                0x10002488       0x10 CMakeFiles/main.dir/pico-sdk/src/rp2_common/pico_printf/printf.c.o
 .text._ftoa    0x10002498      0x4a8 CMakeFiles/main.dir/pico-sdk/src/rp2_common/pico_printf/printf.c.o
 .text._etoa    0x10002940      0x57c CMakeFiles/main.dir/pico-sdk/src/rp2_common/pico_printf/printf.c.o
 .text._vsnprintf
                0x10002ebc      0xbe0 CMakeFiles/main.dir/pico-sdk/src/rp2_common/pico_printf/printf.c.o
 .text.vfctprintf
                0x10003a9c       0x24 CMakeFiles/main.dir/pico-sdk/src/rp2_common/pico_printf/printf.c.o
                0x10003a9c                vfctprintf
 .text.weak_raw_vprintf
                0x10003ac0       0x30 CMakeFiles/main.dir/pico-sdk/src/rp2_common/pico_printf/printf.c.o
                0x10003ac0                weak_raw_vprintf
 .text._exit    0x10003af0        0x4 CMakeFiles/main.dir/pico-sdk/src/rp2_common/pico_clib_interface/newlib_interface.c.o
                0x10003af0                _exit
 .text.exit     0x10003af4        0x8 CMakeFiles/main.dir/pico-sdk/src/rp2_common/pico_clib_interface/newlib_interface.c.o
                0x10003af4                exit
 .text.runtime_init
                0x10003afc       0x2c CMakeFiles/main.dir/pico-sdk/src/rp2_common/pico_clib_interface/newlib_interface.c.o
                0x10003afc                runtime_init
 .text.stdio_out_chars_no_crlf
                0x10003b28       0x10 CMakeFiles/main.dir/pico-sdk/src/rp2_common/pico_stdio/stdio.c.o
 .text.stdio_out_chars_crlf
                0x10003b38       0xb0 CMakeFiles/main.dir/pico-sdk/src/rp2_common/pico_stdio/stdio.c.o
 .text.stdio_buffered_printer
                0x10003be8       0x64 CMakeFiles/main.dir/pico-sdk/src/rp2_common/pico_stdio/stdio.c.o
 .text.stdio_put_string
                0x10003c4c       0xfc CMakeFiles/main.dir/pico-sdk/src/rp2_common/pico_stdio/stdio.c.o
                0x10003c4c                stdio_put_string
 .text.stdio_set_driver_enabled
                0x10003d48       0x30 CMakeFiles/main.dir/pico-sdk/src/rp2_common/pico_stdio/stdio.c.o
                0x10003d48                stdio_set_driver_enabled
 .text.stdio_init_all
                0x10003d78        0x8 CMakeFiles/main.dir/pico-sdk/src/rp2_common/pico_stdio/stdio.c.o
                0x10003d78                stdio_init_all
 .text.__wrap_putchar
                0x10003d80       0x94 CMakeFiles/main.dir/pico-sdk/src/rp2_common/pico_stdio/stdio.c.o
                0x10003d80                stdio_putchar
                0x10003d80                __wrap_putchar
 .text.__wrap_puts
                0x10003e14       0x3c CMakeFiles/main.dir/pico-sdk/src/rp2_common/pico_stdio/stdio.c.o
                0x10003e14                __wrap_puts
                0x10003e14                stdio_puts
 .text.__wrap_vprintf
                0x10003e50       0xcc CMakeFiles/main.dir/pico-sdk/src/rp2_common/pico_stdio/stdio.c.o
                0x10003e50                __wrap_vprintf
                0x10003e50                stdio_vprintf
 .text.__wrap_printf
                0x10003f1c       0x18 CMakeFiles/main.dir/pico-sdk/src/rp2_common/pico_stdio/stdio.c.o
                0x10003f1c                stdio_printf
                0x10003f1c                __wrap_printf
 .text.resetd_init
                0x10003f34        0x4 CMakeFiles/main.dir/pico-sdk/src/rp2_common/pico_stdio_usb/reset_interface.c.o
 .text.resetd_reset
                0x10003f38        0xc CMakeFiles/main.dir/pico-sdk/src/rp2_common/pico_stdio_usb/reset_interface.c.o
 .text.resetd_open
                0x10003f44       0x28 CMakeFiles/main.dir/pico-sdk/src/rp2_common/pico_stdio_usb/reset_interface.c.o
 .text.resetd_xfer_cb
                0x10003f6c        0x4 CMakeFiles/main.dir/pico-sdk/src/rp2_common/pico_stdio_usb/reset_interface.c.o
 .text.resetd_control_xfer_cb
                0x10003f70       0x54 CMakeFiles/main.dir/pico-sdk/src/rp2_common/pico_stdio_usb/reset_interface.c.o
 .text.tud_descriptor_bos_cb
                0x10003fc4        0x8 CMakeFiles/main.dir/pico-sdk/src/rp2_common/pico_stdio_usb/reset_interface.c.o
                0x10003fc4                tud_descriptor_bos_cb
 .text.tud_vendor_control_xfer_cb
                0x10003fcc       0x34 CMakeFiles/main.dir/pico-sdk/src/rp2_common/pico_stdio_usb/reset_interface.c.o
                0x10003fcc                tud_vendor_control_xfer_cb
 .text.usbd_app_driver_get_cb
                0x10004000        0xc CMakeFiles/main.dir/pico-sdk/src/rp2_common/pico_stdio_usb/reset_interface.c.o
                0x10004000                usbd_app_driver_get_cb
 .text.tud_cdc_line_coding_cb
                0x1000400c       0x2c CMakeFiles/main.dir/pico-sdk/src/rp2_common/pico_stdio_usb/reset_interface.c.o
                0x1000400c                tud_cdc_line_coding_cb
 .text.stdio_usb_set_chars_available_callback
                0x10004038       0x14 CMakeFiles/main.dir/pico-sdk/src/rp2_common/pico_stdio_usb/stdio_usb.c.o
                0x10004038                stdio_usb_set_chars_available_callback
 .text.usb_irq  0x1000404c       0x10 CMakeFiles/main.dir/pico-sdk/src/rp2_common/pico_stdio_usb/stdio_usb.c.o
 .text.timer_task
                0x1000405c       0x64 CMakeFiles/main.dir/pico-sdk/src/rp2_common/pico_stdio_usb/stdio_usb.c.o
 .text.stdio_usb_in_chars
                0x100040c0       0x8c CMakeFiles/main.dir/pico-sdk/src/rp2_common/pico_stdio_usb/stdio_usb.c.o
                0x100040c0                stdio_usb_in_chars
 .text.stdio_usb_out_flush
                0x1000414c       0x4c CMakeFiles/main.dir/pico-sdk/src/rp2_common/pico_stdio_usb/stdio_usb.c.o
 .text.stdio_usb_out_chars
                0x10004198      0x100 CMakeFiles/main.dir/pico-sdk/src/rp2_common/pico_stdio_usb/stdio_usb.c.o
 .text.low_priority_worker_irq
                0x10004298       0xc8 CMakeFiles/main.dir/pico-sdk/src/rp2_common/pico_stdio_usb/stdio_usb.c.o
 .text.stdio_usb_init
                0x10004360      0x134 CMakeFiles/main.dir/pico-sdk/src/rp2_common/pico_stdio_usb/stdio_usb.c.o
                0x10004360                stdio_usb_init
 .text.tud_descriptor_device_cb
                0x10004494        0x8 CMakeFiles/main.dir/pico-sdk/src/rp2_common/pico_stdio_usb/stdio_usb_descriptors.c.o
                0x10004494                tud_descriptor_device_cb
 .text.tud_descriptor_configuration_cb
                0x1000449c        0x8 CMakeFiles/main.dir/pico-sdk/src/rp2_common/pico_stdio_usb/stdio_usb_descriptors.c.o
                0x1000449c                tud_descriptor_configuration_cb
 .text.tud_descriptor_string_cb
                0x100044a4       0x78 CMakeFiles/main.dir/pico-sdk/src/rp2_common/pico_stdio_usb/stdio_usb_descriptors.c.o
                0x100044a4                tud_descriptor_string_cb
 .text.startup._retrieve_unique_id_on_boot
                0x1000451c       0x10 CMakeFiles/main.dir/pico-sdk/src/rp2_common/pico_unique_id/unique_id.c.o
 .text.pico_get_unique_board_id_string
                0x1000452c      0x1a8 CMakeFiles/main.dir/pico-sdk/src/rp2_common/pico_unique_id/unique_id.c.o
                0x1000452c                pico_get_unique_board_id_string
 .text.flash_get_unique_id
                0x100046d4       0x3c CMakeFiles/main.dir/pico-sdk/src/rp2_common/hardware_flash/flash.c.o
                0x100046d4                flash_get_unique_id
 .text.dcd_init
                0x10004710       0x90 CMakeFiles/main.dir/pico-sdk/lib/tinyusb/src/portable/raspberrypi/rp2040/dcd_rp2040.c.o
                0x10004710                dcd_init
 .text.dcd_int_enable
                0x100047a0        0xc CMakeFiles/main.dir/pico-sdk/lib/tinyusb/src/portable/raspberrypi/rp2040/dcd_rp2040.c.o
                0x100047a0                dcd_int_enable
 .text.dcd_set_address
                0x100047ac       0x14 CMakeFiles/main.dir/pico-sdk/lib/tinyusb/src/portable/raspberrypi/rp2040/dcd_rp2040.c.o
                0x100047ac                dcd_set_address
 .text.dcd_sof_enable
                0x100047c0       0x1c CMakeFiles/main.dir/pico-sdk/lib/tinyusb/src/portable/raspberrypi/rp2040/dcd_rp2040.c.o
                0x100047c0                dcd_sof_enable
 .text.dcd_edpt0_status_complete
                0x100047dc       0x1c CMakeFiles/main.dir/pico-sdk/lib/tinyusb/src/portable/raspberrypi/rp2040/dcd_rp2040.c.o
                0x100047dc                dcd_edpt0_status_complete
 .text.dcd_edpt_open
                0x100047f8      0x114 CMakeFiles/main.dir/pico-sdk/lib/tinyusb/src/portable/raspberrypi/rp2040/dcd_rp2040.c.o
                0x100047f8                dcd_edpt_open
 .text.dcd_edpt_close_all
                0x1000490c        0x8 CMakeFiles/main.dir/pico-sdk/lib/tinyusb/src/portable/raspberrypi/rp2040/dcd_rp2040.c.o
                0x1000490c                dcd_edpt_close_all
 .text.dcd_edpt_xfer
                0x10004914       0x24 CMakeFiles/main.dir/pico-sdk/lib/tinyusb/src/portable/raspberrypi/rp2040/dcd_rp2040.c.o
                0x10004914                dcd_edpt_xfer
 .text.dcd_edpt_stall
                0x10004938       0x3c CMakeFiles/main.dir/pico-sdk/lib/tinyusb/src/portable/raspberrypi/rp2040/dcd_rp2040.c.o
                0x10004938                dcd_edpt_stall
 .text.dcd_edpt_clear_stall
                0x10004974       0x30 CMakeFiles/main.dir/pico-sdk/lib/tinyusb/src/portable/raspberrypi/rp2040/dcd_rp2040.c.o
                0x10004974                dcd_edpt_clear_stall
 .text.rp2040_usb_init
                0x100049a4       0x40 CMakeFiles/main.dir/pico-sdk/lib/tinyusb/src/portable/raspberrypi/rp2040/rp2040_usb.c.o
                0x100049a4                rp2040_usb_init
 .text.hw_endpoint_xfer_start
                0x100049e4       0x40 CMakeFiles/main.dir/pico-sdk/lib/tinyusb/src/portable/raspberrypi/rp2040/rp2040_usb.c.o
                0x100049e4                hw_endpoint_xfer_start
 .text.tud_event_hook_cb
                0x10004a24        0x4 CMakeFiles/main.dir/pico-sdk/lib/tinyusb/src/device/usbd.c.o
                0x10004a24                tud_event_hook_cb
 .text.tud_sof_cb
                0x10004a28        0x4 CMakeFiles/main.dir/pico-sdk/lib/tinyusb/src/device/usbd.c.o
                0x10004a28                tud_sof_cb
 .text.tud_descriptor_device_qualifier_cb
                0x10004a2c        0x4 CMakeFiles/main.dir/pico-sdk/lib/tinyusb/src/device/usbd.c.o
                0x10004a2c                tud_descriptor_device_qualifier_cb
 .text.tud_descriptor_other_speed_configuration_cb
                0x10004a30        0x4 CMakeFiles/main.dir/pico-sdk/lib/tinyusb/src/device/usbd.c.o
                0x10004a30                tud_descriptor_other_speed_configuration_cb
 .text.tud_mount_cb
                0x10004a34        0x4 CMakeFiles/main.dir/pico-sdk/lib/tinyusb/src/device/usbd.c.o
                0x10004a34                tud_mount_cb
 .text.tud_umount_cb
                0x10004a38        0x4 CMakeFiles/main.dir/pico-sdk/lib/tinyusb/src/device/usbd.c.o
                0x10004a38                tud_umount_cb
 .text.tud_suspend_cb
                0x10004a3c        0x4 CMakeFiles/main.dir/pico-sdk/lib/tinyusb/src/device/usbd.c.o
                0x10004a3c                tud_suspend_cb
 .text.tud_resume_cb
                0x10004a40        0x4 CMakeFiles/main.dir/pico-sdk/lib/tinyusb/src/device/usbd.c.o
                0x10004a40                tud_resume_cb
 .text.tud_mounted
                0x10004a44       0x10 CMakeFiles/main.dir/pico-sdk/lib/tinyusb/src/device/usbd.c.o
                0x10004a44                tud_mounted
 .text.tud_suspended
                0x10004a54       0x10 CMakeFiles/main.dir/pico-sdk/lib/tinyusb/src/device/usbd.c.o
                0x10004a54                tud_suspended
 .text.tud_rhport_init
                0x10004a64       0xf4 CMakeFiles/main.dir/pico-sdk/lib/tinyusb/src/device/usbd.c.o
                0x10004a64                tud_rhport_init
 .text.tud_task_ext
                0x10004b58      0x800 CMakeFiles/main.dir/pico-sdk/lib/tinyusb/src/device/usbd.c.o
                0x10004b58                tud_task_ext
 .text.usbd_open_edpt_pair
                0x10005358       0x9c CMakeFiles/main.dir/pico-sdk/lib/tinyusb/src/device/usbd.c.o
                0x10005358                usbd_open_edpt_pair
 .text.usbd_edpt_open
                0x100053f4       0x34 CMakeFiles/main.dir/pico-sdk/lib/tinyusb/src/device/usbd.c.o
                0x100053f4                usbd_edpt_open
 .text.usbd_edpt_claim
                0x10005428       0x28 CMakeFiles/main.dir/pico-sdk/lib/tinyusb/src/device/usbd.c.o
                0x10005428                usbd_edpt_claim
 .text.usbd_edpt_release
                0x10005450       0x28 CMakeFiles/main.dir/pico-sdk/lib/tinyusb/src/device/usbd.c.o
                0x10005450                usbd_edpt_release
 .text.usbd_edpt_xfer
                0x10005478       0x4c CMakeFiles/main.dir/pico-sdk/lib/tinyusb/src/device/usbd.c.o
                0x10005478                usbd_edpt_xfer
 .text.tud_control_status
                0x100054c4       0x2c CMakeFiles/main.dir/pico-sdk/lib/tinyusb/src/device/usbd_control.c.o
                0x100054c4                tud_control_status
 .text.tud_control_xfer
                0x100054f0       0xa8 CMakeFiles/main.dir/pico-sdk/lib/tinyusb/src/device/usbd_control.c.o
                0x100054f0                tud_control_xfer
 .text.usbd_control_reset
                0x10005598       0x14 CMakeFiles/main.dir/pico-sdk/lib/tinyusb/src/device/usbd_control.c.o
                0x10005598                usbd_control_reset
 .text.usbd_control_set_complete_callback
                0x100055ac        0xc CMakeFiles/main.dir/pico-sdk/lib/tinyusb/src/device/usbd_control.c.o
                0x100055ac                usbd_control_set_complete_callback
 .text.usbd_control_set_request
                0x100055b8       0x1c CMakeFiles/main.dir/pico-sdk/lib/tinyusb/src/device/usbd_control.c.o
                0x100055b8                usbd_control_set_request
 .text.usbd_control_xfer_cb
                0x100055d4       0xec CMakeFiles/main.dir/pico-sdk/lib/tinyusb/src/device/usbd_control.c.o
                0x100055d4                usbd_control_xfer_cb
 .text._prep_out_transaction.isra.0
                0x100056c0       0x6c CMakeFiles/main.dir/pico-sdk/lib/tinyusb/src/class/cdc/cdc_device.c.o
 .text.tud_cdc_n_connected
                0x1000572c       0x2c CMakeFiles/main.dir/pico-sdk/lib/tinyusb/src/class/cdc/cdc_device.c.o
                0x1000572c                tud_cdc_n_connected
 .text.tud_cdc_n_available
                0x10005758       0x14 CMakeFiles/main.dir/pico-sdk/lib/tinyusb/src/class/cdc/cdc_device.c.o
                0x10005758                tud_cdc_n_available
 .text.tud_cdc_n_read
                0x1000576c       0x88 CMakeFiles/main.dir/pico-sdk/lib/tinyusb/src/class/cdc/cdc_device.c.o
                0x1000576c                tud_cdc_n_read
 .text.tud_cdc_n_write_flush
                0x100057f4       0x74 CMakeFiles/main.dir/pico-sdk/lib/tinyusb/src/class/cdc/cdc_device.c.o
                0x100057f4                tud_cdc_n_write_flush
 .text.tud_cdc_n_write
                0x10005868       0x40 CMakeFiles/main.dir/pico-sdk/lib/tinyusb/src/class/cdc/cdc_device.c.o
                0x10005868                tud_cdc_n_write
 .text.tud_cdc_n_write_available
                0x100058a8       0x14 CMakeFiles/main.dir/pico-sdk/lib/tinyusb/src/class/cdc/cdc_device.c.o
                0x100058a8                tud_cdc_n_write_available
 .text.cdcd_init
                0x100058bc       0x70 CMakeFiles/main.dir/pico-sdk/lib/tinyusb/src/class/cdc/cdc_device.c.o
                0x100058bc                cdcd_init
 .text.cdcd_deinit
                0x1000592c       0x30 CMakeFiles/main.dir/pico-sdk/lib/tinyusb/src/class/cdc/cdc_device.c.o
                0x1000592c                cdcd_deinit
 .text.cdcd_reset
                0x1000595c       0x4c CMakeFiles/main.dir/pico-sdk/lib/tinyusb/src/class/cdc/cdc_device.c.o
                0x1000595c                cdcd_reset
 .text.cdcd_open
                0x100059a8       0xa4 CMakeFiles/main.dir/pico-sdk/lib/tinyusb/src/class/cdc/cdc_device.c.o
                0x100059a8                cdcd_open
 .text.cdcd_control_xfer_cb
                0x10005a4c       0xe8 CMakeFiles/main.dir/pico-sdk/lib/tinyusb/src/class/cdc/cdc_device.c.o
                0x10005a4c                cdcd_control_xfer_cb
 .text.cdcd_xfer_cb
                0x10005b34      0x100 CMakeFiles/main.dir/pico-sdk/lib/tinyusb/src/class/cdc/cdc_device.c.o
                0x10005b34                cdcd_xfer_cb
 .text.vendord_init
                0x10005c34       0x5c CMakeFiles/main.dir/pico-sdk/lib/tinyusb/src/class/vendor/vendor_device.c.o
                0x10005c34                vendord_init
 .text.vendord_deinit
                0x10005c90       0x1c CMakeFiles/main.dir/pico-sdk/lib/tinyusb/src/class/vendor/vendor_device.c.o
                0x10005c90                vendord_deinit
 .text.vendord_reset
                0x10005cac       0x28 CMakeFiles/main.dir/pico-sdk/lib/tinyusb/src/class/vendor/vendor_device.c.o
                0x10005cac                vendord_reset
 .text.vendord_open
                0x10005cd4      0x120 CMakeFiles/main.dir/pico-sdk/lib/tinyusb/src/class/vendor/vendor_device.c.o
                0x10005cd4                vendord_open
 .text.vendord_xfer_cb
                0x10005df4       0x9c CMakeFiles/main.dir/pico-sdk/lib/tinyusb/src/class/vendor/vendor_device.c.o
                0x10005df4                vendord_xfer_cb
 .text.tusb_rhport_init
                0x10005e90       0x4c CMakeFiles/main.dir/pico-sdk/lib/tinyusb/src/tusb.c.o
                0x10005e90                tusb_rhport_init
 .text.tu_edpt_claim
                0x10005edc       0x50 CMakeFiles/main.dir/pico-sdk/lib/tinyusb/src/tusb.c.o
                0x10005edc                tu_edpt_claim
 .text.tu_edpt_release
                0x10005f2c       0x38 CMakeFiles/main.dir/pico-sdk/lib/tinyusb/src/tusb.c.o
                0x10005f2c                tu_edpt_release
 .text.tu_edpt_validate
                0x10005f64       0x7c CMakeFiles/main.dir/pico-sdk/lib/tinyusb/src/tusb.c.o
                0x10005f64                tu_edpt_validate
 .text.tu_edpt_bind_driver
                0x10005fe0       0x34 CMakeFiles/main.dir/pico-sdk/lib/tinyusb/src/tusb.c.o
                0x10005fe0                tu_edpt_bind_driver
 .text.tu_edpt_stream_init
                0x10006014       0x6c CMakeFiles/main.dir/pico-sdk/lib/tinyusb/src/tusb.c.o
                0x10006014                tu_edpt_stream_init
 .text.tu_edpt_stream_deinit
                0x10006080        0x4 CMakeFiles/main.dir/pico-sdk/lib/tinyusb/src/tusb.c.o
                0x10006080                tu_edpt_stream_deinit
 .text.tu_edpt_stream_write_zlp_if_needed
                0x10006084       0x68 CMakeFiles/main.dir/pico-sdk/lib/tinyusb/src/tusb.c.o
                0x10006084                tu_edpt_stream_write_zlp_if_needed
 .text.tu_edpt_stream_write_xfer
                0x100060ec       0x68 CMakeFiles/main.dir/pico-sdk/lib/tinyusb/src/tusb.c.o
                0x100060ec                tu_edpt_stream_write_xfer
 .text.tu_edpt_stream_read_xfer
                0x10006154       0xd8 CMakeFiles/main.dir/pico-sdk/lib/tinyusb/src/tusb.c.o
                0x10006154                tu_edpt_stream_read_xfer
 .text.tu_fifo_config
                0x1000622c       0x6c CMakeFiles/main.dir/pico-sdk/lib/tinyusb/src/common/tusb_fifo.c.o
                0x1000622c                tu_fifo_config
 .text.tu_fifo_count
                0x10006298       0x2c CMakeFiles/main.dir/pico-sdk/lib/tinyusb/src/common/tusb_fifo.c.o
                0x10006298                tu_fifo_count
 .text.tu_fifo_empty
                0x100062c4       0x10 CMakeFiles/main.dir/pico-sdk/lib/tinyusb/src/common/tusb_fifo.c.o
                0x100062c4                tu_fifo_empty
 .text.tu_fifo_remaining
                0x100062d4       0x2c CMakeFiles/main.dir/pico-sdk/lib/tinyusb/src/common/tusb_fifo.c.o
                0x100062d4                tu_fifo_remaining
 .text.tu_fifo_read
                0x10006300       0x9c CMakeFiles/main.dir/pico-sdk/lib/tinyusb/src/common/tusb_fifo.c.o
                0x10006300                tu_fifo_read
 .text.tu_fifo_read_n
                0x1000639c       0xe8 CMakeFiles/main.dir/pico-sdk/lib/tinyusb/src/common/tusb_fifo.c.o
                0x1000639c                tu_fifo_read_n
 .text.tu_fifo_write
                0x10006484       0xa4 CMakeFiles/main.dir/pico-sdk/lib/tinyusb/src/common/tusb_fifo.c.o
                0x10006484                tu_fifo_write
 .text.tu_fifo_write_n
                0x10006528      0x168 CMakeFiles/main.dir/pico-sdk/lib/tinyusb/src/common/tusb_fifo.c.o
                0x10006528                tu_fifo_write_n
 .text.tu_fifo_clear
                0x10006690       0x40 CMakeFiles/main.dir/pico-sdk/lib/tinyusb/src/common/tusb_fifo.c.o
                0x10006690                tu_fifo_clear
 .text.tu_fifo_set_overwritable
                0x100066d0       0x48 CMakeFiles/main.dir/pico-sdk/lib/tinyusb/src/common/tusb_fifo.c.o
                0x100066d0                tu_fifo_set_overwritable
 .text.strlen   0x10006718       0x5c /nix/store/ih9psjpxn2pbbzw4klr9s6hmmngc52n8-gcc-arm-embedded-14.3.rel1/bin/../lib/gcc/arm-none-eabi/14.3.1/../../../../arm-none-eabi/lib/thumb/v6-m/nofp/libg.a(libc_a-strlen-stub.o)
                0x10006718                strlen
 *(.fini)
 .fini          0x10006774        0x4 /nix/store/ih9psjpxn2pbbzw4klr9s6hmmngc52n8-gcc-arm-embedded-14.3.rel1/bin/../lib/gcc/arm-none-eabi/14.3.1/thumb/v6-m/nofp/crti.o
                0x10006774                _fini
 .fini.__stub   0x10006778       0xc0 linker stubs
 *crtbegin.o(.ctors)
 *crtbegin?.o(.ctors)
 *(EXCLUDE_FILE(*crtend.o *crtend?.o) .ctors)
 *(SORT_BY_NAME(.ctors.*))
 *(.ctors)
 *crtbegin.o(.dtors)
 *crtbegin?.o(.dtors)
 *(EXCLUDE_FILE(*crtend.o *crtend?.o) .dtors)
 *(SORT_BY_NAME(.dtors.*))
 *(.dtors)
                0x10006838                        . = ALIGN (0x4)
                0x10006838                        PROVIDE (__preinit_array_start = .)
 *(SORT_BY_NAME(.preinit_array.*))
 .preinit_array.00100
                0x10006838        0x4 CMakeFiles/main.dir/pico-sdk/src/rp2_common/pico_runtime_init/runtime_init.c.o
                0x10006838                __pre_init_runtime_init_early_resets
 .preinit_array.00101
                0x1000683c        0x4 CMakeFiles/main.dir/pico-sdk/src/rp2_common/pico_runtime_init/runtime_init.c.o
                0x1000683c                __pre_init_runtime_init_usb_power_down
 .preinit_array.00275
                0x10006840        0x4 CMakeFiles/main.dir/pico-sdk/src/rp2_common/pico_bit_ops/bit_ops_aeabi.S.o
 .preinit_array.00300
                0x10006844        0x4 CMakeFiles/main.dir/pico-sdk/src/rp2_common/pico_mem_ops/mem_ops_aeabi.S.o
 .preinit_array.00350
                0x10006848        0x4 CMakeFiles/main.dir/pico-sdk/src/rp2_common/pico_double/double_aeabi_rp2040.S.o
 .preinit_array.00350
                0x1000684c        0x4 CMakeFiles/main.dir/pico-sdk/src/rp2_common/pico_float/float_aeabi_rp2040.S.o
 .preinit_array.00500
                0x10006850        0x4 CMakeFiles/main.dir/pico-sdk/src/rp2_common/pico_runtime_init/runtime_init.c.o
                0x10006850                __pre_init_runtime_init_clocks
 .preinit_array.00600
                0x10006854        0x4 CMakeFiles/main.dir/pico-sdk/src/rp2_common/pico_runtime_init/runtime_init.c.o
                0x10006854                __pre_init_runtime_init_post_clock_resets
 .preinit_array.00700
                0x10006858        0x4 CMakeFiles/main.dir/pico-sdk/src/rp2_common/pico_runtime_init/runtime_init.c.o
                0x10006858                __pre_init_runtime_init_rp2040_gpio_ie_disable
 .preinit_array.01000
                0x1000685c        0x4 CMakeFiles/main.dir/pico-sdk/src/rp2_common/pico_runtime_init/runtime_init.c.o
                0x1000685c                __pre_init_runtime_init_spin_locks_reset
 .preinit_array.01100
                0x10006860        0x4 CMakeFiles/main.dir/pico-sdk/src/common/pico_sync/mutex.c.o
                0x10006860                __pre_init_runtime_init_mutex
 .preinit_array.10080
                0x10006864        0x4 CMakeFiles/main.dir/pico-sdk/src/rp2_common/pico_runtime_init/runtime_init.c.o
                0x10006864                __pre_init_runtime_init_install_ram_vector_table
 .preinit_array.11000
                0x10006868        0x4 CMakeFiles/main.dir/pico-sdk/src/common/pico_time/time.c.o
                0x10006868                __pre_init_runtime_init_default_alarm_pool
 .preinit_array.YYYYY
                0x1000686c        0x4 CMakeFiles/main.dir/pico-sdk/src/rp2_common/pico_runtime/runtime.c.o
                0x1000686c                __pre_init_first_per_core_initializer
 .preinit_array.ZZZZZ.01200
                0x10006870        0x4 CMakeFiles/main.dir/pico-sdk/src/rp2_common/hardware_irq/irq.c.o
                0x10006870                __pre_init_runtime_init_per_core_irq_priorities
 *(.preinit_array)
                0x10006874                        PROVIDE (__preinit_array_end = .)
                0x10006874                        . = ALIGN (0x4)
                0x10006874                        PROVIDE (__init_array_start = .)
 *(SORT_BY_NAME(.init_array.*))
 .init_array.01000
                0x10006874        0x4 CMakeFiles/main.dir/pico-sdk/src/rp2_common/pico_unique_id/unique_id.c.o
 *(.init_array)
 .init_array    0x10006878        0x4 /nix/store/ih9psjpxn2pbbzw4klr9s6hmmngc52n8-gcc-arm-embedded-14.3.rel1/bin/../lib/gcc/arm-none-eabi/14.3.1/thumb/v6-m/nofp/crtbegin.o
                0x1000687c                        PROVIDE (__init_array_end = .)
                0x1000687c                        . = ALIGN (0x4)
                [!provide]                        PROVIDE (__fini_array_start = .)
 *(SORT_BY_NAME(.fini_array.*))
 *(.fini_array)
                [!provide]                        PROVIDE (__fini_array_end = .)
 *(.eh_frame*)
 .eh_frame      0x1000687c        0x0 /nix/store/ih9psjpxn2pbbzw4klr9s6hmmngc52n8-gcc-arm-embedded-14.3.rel1/bin/../lib/gcc/arm-none-eabi/14.3.1/thumb/v6-m/nofp/crtbegin.o
                0x1000687c                        . = ALIGN (0x4)

.glue_7         0x1000687c        0x0
 .glue_7        0x1000687c        0x0 linker stubs

.glue_7t        0x1000687c        0x0
 .glue_7t       0x1000687c        0x0 linker stubs

.vfp11_veneer   0x1000687c        0x0
 .vfp11_veneer  0x1000687c        0x0 linker stubs

.v4_bx          0x1000687c        0x0
 .v4_bx         0x1000687c        0x0 linker stubs

.iplt           0x1000687c        0x0
 .iplt          0x1000687c        0x0 /nix/store/ih9psjpxn2pbbzw4klr9s6hmmngc52n8-gcc-arm-embedded-14.3.rel1/bin/../lib/gcc/arm-none-eabi/14.3.1/thumb/v6-m/nofp/crtbegin.o

.rodata         0x10006880      0x64c
 *(EXCLUDE_FILE(*libm.a: *libc.a:*lib_a-mem*.o *libgcc.a:) .rodata*)
 .rodata.main.str1.4
                0x10006880      0x1a8 CMakeFiles/main.dir/main.cpp.o
                                 0x26 (size before relaxing)
 .rodata.panic.str1.4
                0x10006a28       0x12 CMakeFiles/main.dir/pico-sdk/src/rp2_common/pico_platform_panic/panic.c.o
 .rodata.spin_lock_claim_unused.str1.4
                0x10006a28       0x1b CMakeFiles/main.dir/pico-sdk/src/rp2_common/hardware_sync/sync.c.o
 .rodata.user_irq_claim_unused.str1.4
                0x10006a28       0x1b CMakeFiles/main.dir/pico-sdk/src/rp2_common/hardware_irq/irq.c.o
 .rodata.timer_hardware_alarm_claim.str1.4
                0x10006a28       0x22 CMakeFiles/main.dir/pico-sdk/src/rp2_common/hardware_timer/timer.c.o
 .rodata.hard_assertion_failure.str1.4
                0x10006a28        0xc CMakeFiles/main.dir/pico-sdk/src/rp2_common/pico_runtime/runtime.c.o
 .rodata.missing_double_func_shim.str1.4
                0x10006a28       0x18 CMakeFiles/main.dir/pico-sdk/src/rp2_common/pico_double/double_init_rom_rp2040.c.o
 .rodata.missing_float_func_shim.str1.4
                0x10006a28        0x1 CMakeFiles/main.dir/pico-sdk/src/rp2_common/pico_float/float_init_rom_rp2040.c.o
 .rodata.str1.4
                0x10006a28       0x3c CMakeFiles/main.dir/pico-sdk/src/rp2_common/pico_standard_binary_info/standard_binary_info.c.o
 .rodata.__bi_84
                0x10006a28        0xc CMakeFiles/main.dir/pico-sdk/src/rp2_common/pico_standard_binary_info/standard_binary_info.c.o
 .rodata.__bi_78
                0x10006a34        0xc CMakeFiles/main.dir/pico-sdk/src/rp2_common/pico_standard_binary_info/standard_binary_info.c.o
 .rodata.__bi_54
                0x10006a40        0xc CMakeFiles/main.dir/pico-sdk/src/rp2_common/pico_standard_binary_info/standard_binary_info.c.o
 .rodata.__bi_48
                0x10006a4c        0xc CMakeFiles/main.dir/pico-sdk/src/rp2_common/pico_standard_binary_info/standard_binary_info.c.o
 .rodata.__bi_42
                0x10006a58        0xc CMakeFiles/main.dir/pico-sdk/src/rp2_common/pico_standard_binary_info/standard_binary_info.c.o
 .rodata.__bi_34
                0x10006a64        0xc CMakeFiles/main.dir/pico-sdk/src/rp2_common/pico_standard_binary_info/standard_binary_info.c.o
 .rodata.__bi_26
                0x10006a70        0xc CMakeFiles/main.dir/pico-sdk/src/rp2_common/pico_standard_binary_info/standard_binary_info.c.o
 .rodata._ftoa.str1.4
                0x10006a7c       0x15 CMakeFiles/main.dir/pico-sdk/src/rp2_common/pico_printf/printf.c.o
 .rodata._vsnprintf
                0x10006a7c      0x19c CMakeFiles/main.dir/pico-sdk/src/rp2_common/pico_printf/printf.c.o
 .rodata.pow10.0
                0x10006c18       0x50 CMakeFiles/main.dir/pico-sdk/src/rp2_common/pico_printf/printf.c.o
 .rodata.crlf_str.0
                0x10006c68        0x2 CMakeFiles/main.dir/pico-sdk/src/rp2_common/pico_stdio/stdio.c.o
 *fill*         0x10006c6a        0x2 
 .rodata._resetd_driver
                0x10006c6c       0x20 CMakeFiles/main.dir/pico-sdk/src/rp2_common/pico_stdio_usb/reset_interface.c.o
 .rodata.desc_ms_os_20
                0x10006c8c       0xa6 CMakeFiles/main.dir/pico-sdk/src/rp2_common/pico_stdio_usb/reset_interface.c.o
 *fill*         0x10006d32        0x2 
 .rodata.desc_bos
                0x10006d34       0x21 CMakeFiles/main.dir/pico-sdk/src/rp2_common/pico_stdio_usb/reset_interface.c.o
                0x10006d34                desc_bos
 .rodata.str1.4
                0x10006d55       0x13 CMakeFiles/main.dir/pico-sdk/src/rp2_common/pico_stdio_usb/stdio_usb.c.o
 *fill*         0x10006d55        0x3 
 .rodata.__bi_202.0
                0x10006d58        0xc CMakeFiles/main.dir/pico-sdk/src/rp2_common/pico_stdio_usb/stdio_usb.c.o
 .rodata.str1.4
                0x10006d64       0x2a CMakeFiles/main.dir/pico-sdk/src/rp2_common/pico_stdio_usb/stdio_usb_descriptors.c.o
 .rodata.usbd_desc_str
                0x10006d64       0x18 CMakeFiles/main.dir/pico-sdk/src/rp2_common/pico_stdio_usb/stdio_usb_descriptors.c.o
 .rodata.usbd_desc_cfg
                0x10006d7c       0x54 CMakeFiles/main.dir/pico-sdk/src/rp2_common/pico_stdio_usb/stdio_usb_descriptors.c.o
 .rodata.usbd_desc_device
                0x10006dd0       0x12 CMakeFiles/main.dir/pico-sdk/src/rp2_common/pico_stdio_usb/stdio_usb_descriptors.c.o
 .rodata.str1.4
                0x10006de2       0x14 CMakeFiles/main.dir/pico-sdk/lib/tinyusb/src/portable/raspberrypi/rp2040/dcd_rp2040.c.o
 .rodata.str1.4
                0x10006de2       0x48 CMakeFiles/main.dir/pico-sdk/lib/tinyusb/src/portable/raspberrypi/rp2040/rp2040_usb.c.o
 *fill*         0x10006de2        0x2 
 .rodata.tud_task_ext
                0x10006de4       0x8c CMakeFiles/main.dir/pico-sdk/lib/tinyusb/src/device/usbd.c.o
 .rodata        0x10006e70       0x1c CMakeFiles/main.dir/pico-sdk/lib/tinyusb/src/device/usbd.c.o
 .rodata._usbd_driver
                0x10006e8c       0x40 CMakeFiles/main.dir/pico-sdk/lib/tinyusb/src/device/usbd.c.o
                0x10006ecc                        . = ALIGN (0x4)
 *(SORT_BY_ALIGNMENT(SORT_BY_NAME(.flashdata*)))
                0x10006ecc                        . = ALIGN (0x4)

.ARM.extab
 *(.ARM.extab* .gnu.linkonce.armextab.*)
                0x10006ecc                        __exidx_start = .

.ARM.exidx
 *(.ARM.exidx* .gnu.linkonce.armexidx.*)
                0x10006ecc                        __exidx_end = .
                0x10006ecc                        . = ALIGN (0x4)
                0x10006ecc                        __binary_info_start = .

.binary_info    0x10006ecc       0x20
 *(.binary_info.keep.*)
 .binary_info.keep.__bi_ptr84
                0x10006ecc        0x4 CMakeFiles/main.dir/pico-sdk/src/rp2_common/pico_standard_binary_info/standard_binary_info.c.o
 .binary_info.keep.__bi_ptr78
                0x10006ed0        0x4 CMakeFiles/main.dir/pico-sdk/src/rp2_common/pico_standard_binary_info/standard_binary_info.c.o
 .binary_info.keep.__bi_ptr54
                0x10006ed4        0x4 CMakeFiles/main.dir/pico-sdk/src/rp2_common/pico_standard_binary_info/standard_binary_info.c.o
 .binary_info.keep.__bi_ptr48
                0x10006ed8        0x4 CMakeFiles/main.dir/pico-sdk/src/rp2_common/pico_standard_binary_info/standard_binary_info.c.o
 .binary_info.keep.__bi_ptr42
                0x10006edc        0x4 CMakeFiles/main.dir/pico-sdk/src/rp2_common/pico_standard_binary_info/standard_binary_info.c.o
 .binary_info.keep.__bi_ptr34
                0x10006ee0        0x4 CMakeFiles/main.dir/pico-sdk/src/rp2_common/pico_standard_binary_info/standard_binary_info.c.o
 .binary_info.keep.__bi_ptr26
                0x10006ee4        0x4 CMakeFiles/main.dir/pico-sdk/src/rp2_common/pico_standard_binary_info/standard_binary_info.c.o
 *(.binary_info.*)
 .binary_info.__bi_ptr202
                0x10006ee8        0x4 CMakeFiles/main.dir/pico-sdk/src/rp2_common/pico_stdio_usb/stdio_usb.c.o
                0x10006eec                        __binary_info_end = .
                0x10006eec                        . = ALIGN (0x4)

.ram_vector_table
                0x20000000       0xc0
 *(.ram_vector_table)
 .ram_vector_table
                0x20000000       0xc0 CMakeFiles/main.dir/pico-sdk/src/rp2_common/pico_runtime_init/runtime_init.c.o
                0x20000000                ram_vector_table

.uninitialized_data
                0x200000c0        0x0
                0x200000c0                        . = ALIGN (0x4)
 *(.uninitialized_data*)

.data           0x200000c0      0xff0 load address 0x10006eec
                0x200000c0                        __data_start__ = .
 *(vtable)
 *(.time_critical*)
 .time_critical.mutex_try_enter
                0x200000c0       0x40 CMakeFiles/main.dir/pico-sdk/src/common/pico_sync/mutex.c.o
                0x200000c0                mutex_try_enter
 .time_critical.mutex_try_enter_block_until
                0x20000100       0x98 CMakeFiles/main.dir/pico-sdk/src/common/pico_sync/mutex.c.o
                0x20000100                mutex_try_enter_block_until
 .time_critical.mutex_enter_timeout_ms
                0x20000198       0x8c CMakeFiles/main.dir/pico-sdk/src/common/pico_sync/mutex.c.o
                0x20000198                mutex_enter_timeout_ms
 .time_critical.mutex_exit
                0x20000224       0x28 CMakeFiles/main.dir/pico-sdk/src/common/pico_sync/mutex.c.o
                0x20000224                mutex_exit
 .time_critical.flash_init_boot2_copyout
                0x2000024c       0x30 CMakeFiles/main.dir/pico-sdk/src/rp2_common/hardware_flash/flash.c.o
 .time_critical.flash_enable_xip_via_boot2
                0x2000027c        0xc CMakeFiles/main.dir/pico-sdk/src/rp2_common/hardware_flash/flash.c.o
 .time_critical.flash_save_hardware_state
                0x20000288       0x20 CMakeFiles/main.dir/pico-sdk/src/rp2_common/hardware_flash/flash.c.o
 .time_critical.flash_restore_hardware_state
                0x200002a8       0x20 CMakeFiles/main.dir/pico-sdk/src/rp2_common/hardware_flash/flash.c.o
 .time_critical.flash_cs_force
                0x200002c8       0x38 CMakeFiles/main.dir/pico-sdk/src/rp2_common/hardware_flash/flash.c.o
 .time_critical.flash_do_cmd
                0x20000300      0x13c CMakeFiles/main.dir/pico-sdk/src/rp2_common/hardware_flash/flash.c.o
                0x20000300                flash_do_cmd
 .time_critical.reset_non_control_endpoints
                0x2000043c       0x68 CMakeFiles/main.dir/pico-sdk/lib/tinyusb/src/portable/raspberrypi/rp2040/dcd_rp2040.c.o
 .time_critical.hw_handle_buff_status
                0x200004a4       0xa0 CMakeFiles/main.dir/pico-sdk/lib/tinyusb/src/portable/raspberrypi/rp2040/dcd_rp2040.c.o
 .time_critical.dcd_rp2040_irq
                0x20000544      0x548 CMakeFiles/main.dir/pico-sdk/lib/tinyusb/src/portable/raspberrypi/rp2040/dcd_rp2040.c.o
 .time_critical.prepare_ep_buffer
                0x20000a8c       0xc8 CMakeFiles/main.dir/pico-sdk/lib/tinyusb/src/portable/raspberrypi/rp2040/rp2040_usb.c.o
 .time_critical.sync_ep_buffer
                0x20000b54       0x9c CMakeFiles/main.dir/pico-sdk/lib/tinyusb/src/portable/raspberrypi/rp2040/rp2040_usb.c.o
 .time_critical._hw_endpoint_xfer_sync
                0x20000bf0       0x28 CMakeFiles/main.dir/pico-sdk/lib/tinyusb/src/portable/raspberrypi/rp2040/rp2040_usb.c.o
 .time_critical.e15_is_bulkin_ep
                0x20000c18       0x28 CMakeFiles/main.dir/pico-sdk/lib/tinyusb/src/portable/raspberrypi/rp2040/rp2040_usb.c.o
 .time_critical.e15_is_critical_frame_period
                0x20000c40       0x34 CMakeFiles/main.dir/pico-sdk/lib/tinyusb/src/portable/raspberrypi/rp2040/rp2040_usb.c.o
 .time_critical.hw_endpoint_reset_transfer
                0x20000c74        0xc CMakeFiles/main.dir/pico-sdk/lib/tinyusb/src/portable/raspberrypi/rp2040/rp2040_usb.c.o
                0x20000c74                hw_endpoint_reset_transfer
 .time_critical._hw_endpoint_buffer_control_update32
                0x20000c80       0x50 CMakeFiles/main.dir/pico-sdk/lib/tinyusb/src/portable/raspberrypi/rp2040/rp2040_usb.c.o
                0x20000c80                _hw_endpoint_buffer_control_update32
 .time_critical.hw_endpoint_start_next_buffer
                0x20000cd0       0x68 CMakeFiles/main.dir/pico-sdk/lib/tinyusb/src/portable/raspberrypi/rp2040/rp2040_usb.c.o
                0x20000cd0                hw_endpoint_start_next_buffer
 .time_critical.hw_endpoint_xfer_continue
                0x20000d38       0x40 CMakeFiles/main.dir/pico-sdk/lib/tinyusb/src/portable/raspberrypi/rp2040/rp2040_usb.c.o
                0x20000d38                hw_endpoint_xfer_continue
 .time_critical.tinyusb
                0x20000d78      0x1e4 CMakeFiles/main.dir/pico-sdk/lib/tinyusb/src/device/usbd.c.o
                0x20000d78                dcd_event_handler
 *(.text*)
 .text          0x20000f5c        0x4 /nix/store/ih9psjpxn2pbbzw4klr9s6hmmngc52n8-gcc-arm-embedded-14.3.rel1/bin/../lib/gcc/arm-none-eabi/14.3.1/thumb/v6-m/nofp/libgcc.a(_dvmd_tls.o)
                0x20000f5c                __aeabi_ldiv0
                0x20000f5c                __aeabi_idiv0
 .text.__stub   0x20000f60       0x80 linker stubs
                0x20000fe0                        . = ALIGN (0x4)
 *(.rodata*)
                0x20000fe0                        . = ALIGN (0x4)
 *(.data*)
 .data.striped_spin_lock_num
                0x20000fe0        0x1 CMakeFiles/main.dir/pico-sdk/src/rp2_common/hardware_sync/sync.c.o
 *fill*         0x20000fe1        0x3 
 .data          0x20000fe4       0x48 CMakeFiles/main.dir/pico-sdk/src/rp2_common/hardware_irq/irq_handler_chain.S.o
                0x20000fe4                irq_handler_chain_slots
                0x20001014                irq_handler_chain_first_slot
                0x2000101e                irq_handler_chain_remove_tail
 .data.default_alarm_pool
                0x2000102c       0x18 CMakeFiles/main.dir/pico-sdk/src/common/pico_time/time.c.o
 *fill*         0x20001044        0xc 
 .data.aeabi_bits_funcs
                0x20001050       0x10 CMakeFiles/main.dir/pico-sdk/src/rp2_common/pico_bit_ops/bit_ops_aeabi.S.o
                0x20001050                aeabi_bits_funcs
                0x20001060                aeabi_bits_funcs_end
 .data.aeabi_mem_funcs
                0x20001060       0x10 CMakeFiles/main.dir/pico-sdk/src/rp2_common/pico_mem_ops/mem_ops_aeabi.S.o
                0x20001060                aeabi_mem_funcs
                0x20001070                aeabi_mem_funcs_end
 .data.stdio_usb
                0x20001070       0x18 CMakeFiles/main.dir/pico-sdk/src/rp2_common/pico_stdio_usb/stdio_usb.c.o
                0x20001070                stdio_usb
 .data._usbd_qdef
                0x20001088       0x1c CMakeFiles/main.dir/pico-sdk/lib/tinyusb/src/device/usbd.c.o
                0x20001088                _usbd_qdef
 .data._usbd_rhport
                0x200010a4        0x1 CMakeFiles/main.dir/pico-sdk/lib/tinyusb/src/device/usbd.c.o
                0x200010a8                        . = ALIGN (0x4)
 *fill*         0x200010a5        0x3 
 *(.after_data.*)
                0x200010a8                        . = ALIGN (0x4)
                0x200010a8                        PROVIDE (__mutex_array_start = .)
 *(SORT_BY_NAME(.mutex_array.*))
 *(.mutex_array)
 .mutex_array   0x200010a8        0x8 CMakeFiles/main.dir/pico-sdk/src/rp2_common/pico_stdio/stdio.c.o
                0x200010b0                        PROVIDE (__mutex_array_end = .)
                0x200010b0                        . = ALIGN (0x4)
 *(.jcr)
                0x200010b0                        . = ALIGN (0x4)

.tm_clone_table
                0x200010b0        0x0 load address 0x10007edc
 .tm_clone_table
                0x200010b0        0x0 /nix/store/ih9psjpxn2pbbzw4klr9s6hmmngc52n8-gcc-arm-embedded-14.3.rel1/bin/../lib/gcc/arm-none-eabi/14.3.1/thumb/v6-m/nofp/crtbegin.o
 .tm_clone_table
                0x200010b0        0x0 /nix/store/ih9psjpxn2pbbzw4klr9s6hmmngc52n8-gcc-arm-embedded-14.3.rel1/bin/../lib/gcc/arm-none-eabi/14.3.1/thumb/v6-m/nofp/crtend.o

.igot.plt       0x200010b0        0x0 load address 0x10007edc
 .igot.plt      0x200010b0        0x0 /nix/store/ih9psjpxn2pbbzw4klr9s6hmmngc52n8-gcc-arm-embedded-14.3.rel1/bin/../lib/gcc/arm-none-eabi/14.3.1/thumb/v6-m/nofp/crtbegin.o

.tdata          0x200010b0        0x0 load address 0x10007edc
                0x200010b0                        . = ALIGN (0x4)
 *(.tdata .tdata.* .gnu.linkonce.td.*)
                0x200010b0                        __tdata_end = .
                0x200010b0                        PROVIDE (__data_end__ = .)
                0x10006eec                        __etext = LOADADDR (.data)

.tbss           0x200010b0        0x0 load address 0x10007edc
                0x200010b0                        . = ALIGN (0x4)
                0x200010b0                        __bss_start__ = .
                0x200010b0                        __tls_base = .
 *(.tbss .tbss.* .gnu.linkonce.tb.*)
 *(.tcommon)
                0x200010b0                        __tls_end = .

.bss            0x200010b0      0xf00 load address 0x10007edc
                0x200010b0                        . = ALIGN (0x4)
                0x200010b0                        __tbss_end = .
 *(SORT_BY_ALIGNMENT(SORT_BY_NAME(.bss*)))
 .bss.default_alarm_pool_entries
                0x200010b0      0x180 CMakeFiles/main.dir/pico-sdk/src/common/pico_time/time.c.o
 .bss.last_avail_time.1
                0x20001230        0x8 CMakeFiles/main.dir/pico-sdk/src/rp2_common/pico_stdio_usb/stdio_usb.c.o
 .bss.sd_table  0x20001238      0x100 CMakeFiles/main.dir/pico-sdk/src/rp2_common/pico_double/double_init_rom_rp2040.c.o
                0x20001238                sd_table
 .bss._ZZ4mainE8old_meas
                0x20001338        0x4 CMakeFiles/main.dir/main.cpp.o
 .bss._app_driver
                0x2000133c        0x4 CMakeFiles/main.dir/pico-sdk/lib/tinyusb/src/device/usbd.c.o
 .bss._cdcd_epbuf
                0x20001340       0x80 CMakeFiles/main.dir/pico-sdk/lib/tinyusb/src/class/cdc/cdc_device.c.o
 .bss._cdcd_fifo_cfg
                0x200013c0        0x1 CMakeFiles/main.dir/pico-sdk/lib/tinyusb/src/class/cdc/cdc_device.c.o
 *fill*         0x200013c1        0x3 
 .bss._cdcd_itf
                0x200013c4       0xc8 CMakeFiles/main.dir/pico-sdk/lib/tinyusb/src/class/cdc/cdc_device.c.o
 .bss._ctrl_epbuf
                0x2000148c       0x40 CMakeFiles/main.dir/pico-sdk/lib/tinyusb/src/device/usbd_control.c.o
 .bss._ctrl_xfer
                0x200014cc       0x14 CMakeFiles/main.dir/pico-sdk/lib/tinyusb/src/device/usbd_control.c.o
 .bss._tusb_rhport_role
                0x200014e0        0x2 CMakeFiles/main.dir/pico-sdk/lib/tinyusb/src/tusb.c.o
                0x200014e0                _tusb_rhport_role
 *fill*         0x200014e2        0x2 
 .bss._ubsd_mutexdef
                0x200014e4        0x8 CMakeFiles/main.dir/pico-sdk/lib/tinyusb/src/device/usbd.c.o
 .bss._usbd_dev
                0x200014ec       0x54 CMakeFiles/main.dir/pico-sdk/lib/tinyusb/src/device/usbd.c.o
 .bss._usbd_mutex
                0x20001540        0x4 CMakeFiles/main.dir/pico-sdk/lib/tinyusb/src/device/usbd.c.o
 .bss._usbd_q   0x20001544        0x4 CMakeFiles/main.dir/pico-sdk/lib/tinyusb/src/device/usbd.c.o
 .bss._usbd_qdef_buf
                0x20001548       0xc0 CMakeFiles/main.dir/pico-sdk/lib/tinyusb/src/device/usbd.c.o
                0x20001548                _usbd_qdef_buf
 .bss._vendord_epbuf
                0x20001608       0x80 CMakeFiles/main.dir/pico-sdk/lib/tinyusb/src/class/vendor/vendor_device.c.o
 .bss._vendord_itf
                0x20001688      0x24c CMakeFiles/main.dir/pico-sdk/lib/tinyusb/src/class/vendor/vendor_device.c.o
 .bss.boot2_copyout
                0x200018d4      0x100 CMakeFiles/main.dir/pico-sdk/src/rp2_common/hardware_flash/flash.c.o
 .bss.chars_available_callback
                0x200019d4        0x4 CMakeFiles/main.dir/pico-sdk/src/rp2_common/pico_stdio_usb/stdio_usb.c.o
 .bss.chars_available_param
                0x200019d8        0x4 CMakeFiles/main.dir/pico-sdk/src/rp2_common/pico_stdio_usb/stdio_usb.c.o
 .bss.claimed   0x200019dc        0x4 CMakeFiles/main.dir/pico-sdk/src/rp2_common/hardware_sync/sync.c.o
 .bss.claimed   0x200019e0        0x1 CMakeFiles/main.dir/pico-sdk/src/rp2_common/hardware_timer/timer.c.o
 *fill*         0x200019e1        0x3 
 .bss.configured_freq
                0x200019e4       0x28 CMakeFiles/main.dir/pico-sdk/src/rp2_common/hardware_clocks/clocks.c.o
 .bss.desc_str.0
                0x20001a0c       0x28 CMakeFiles/main.dir/pico-sdk/src/rp2_common/pico_stdio_usb/stdio_usb_descriptors.c.o
 .bss.drivers   0x20001a34        0x4 CMakeFiles/main.dir/pico-sdk/src/rp2_common/pico_stdio/stdio.c.o
 .bss.e15_last_sof
                0x20001a38        0x4 CMakeFiles/main.dir/pico-sdk/lib/tinyusb/src/portable/raspberrypi/rp2040/rp2040_usb.c.o
                0x20001a38                e15_last_sof
 .bss.filter    0x20001a3c        0x4 CMakeFiles/main.dir/pico-sdk/src/rp2_common/pico_stdio/stdio.c.o
 .bss.hw_endpoints
                0x20001a40      0x400 CMakeFiles/main.dir/pico-sdk/lib/tinyusb/src/portable/raspberrypi/rp2040/dcd_rp2040.c.o
 .bss.lazy_vsnprintf
                0x20001e40        0x4 CMakeFiles/main.dir/pico-sdk/src/rp2_common/pico_printf/printf.c.o
 .bss.load_value
                0x20001e44        0x4 CMakeFiles/main.dir/pico-sdk/src/rp2_common/hardware_watchdog/watchdog.c.o
 .bss.next_buffer_ptr
                0x20001e48        0x4 CMakeFiles/main.dir/pico-sdk/lib/tinyusb/src/portable/raspberrypi/rp2040/dcd_rp2040.c.o
 .bss.object.0  0x20001e4c       0x18 /nix/store/ih9psjpxn2pbbzw4klr9s6hmmngc52n8-gcc-arm-embedded-14.3.rel1/bin/../lib/gcc/arm-none-eabi/14.3.1/thumb/v6-m/nofp/crtbegin.o
 .bss.one_shot_timer_crit_sec
                0x20001e64        0x8 CMakeFiles/main.dir/pico-sdk/src/rp2_common/pico_stdio_usb/stdio_usb.c.o
 .bss.pools     0x20001e6c       0x10 CMakeFiles/main.dir/pico-sdk/src/common/pico_time/time.c.o
 .bss.retrieved_id
                0x20001e7c        0x8 CMakeFiles/main.dir/pico-sdk/src/rp2_common/pico_unique_id/unique_id.c.o
 .bss.sf_clz_func
                0x20001e84        0x4 CMakeFiles/main.dir/pico-sdk/src/rp2_common/pico_double/double_init_rom_rp2040.c.o
                0x20001e84                sf_clz_func
 .bss.sf_table  0x20001e88      0x100 CMakeFiles/main.dir/pico-sdk/src/rp2_common/pico_float/float_init_rom_rp2040.c.o
                0x20001e88                sf_table
 .bss.sleep_notifier
                0x20001f88        0x4 CMakeFiles/main.dir/pico-sdk/src/common/pico_time/time.c.o
 .bss.stdio_usb_mutex
                0x20001f8c        0x8 CMakeFiles/main.dir/pico-sdk/src/rp2_common/pico_stdio_usb/stdio_usb.c.o
 .bss.usbd_serial_str
                0x20001f94       0x11 CMakeFiles/main.dir/pico-sdk/src/rp2_common/pico_stdio_usb/stdio_usb_descriptors.c.o
 .bss._app_driver_count
                0x20001fa5        0x1 CMakeFiles/main.dir/pico-sdk/lib/tinyusb/src/device/usbd.c.o
 .bss._sof_enable
                0x20001fa6        0x1 CMakeFiles/main.dir/pico-sdk/lib/tinyusb/src/portable/raspberrypi/rp2040/dcd_rp2040.c.o
 .bss._usbd_queued_setup
                0x20001fa7        0x1 CMakeFiles/main.dir/pico-sdk/lib/tinyusb/src/device/usbd.c.o
 .bss.boot2_copyout_valid
                0x20001fa8        0x1 CMakeFiles/main.dir/pico-sdk/src/rp2_common/hardware_flash/flash.c.o
 .bss.irq_handler_chain_free_slot_head
                0x20001fa9        0x1 CMakeFiles/main.dir/pico-sdk/src/rp2_common/hardware_irq/irq.c.o
 .bss.itf_num   0x20001faa        0x1 CMakeFiles/main.dir/pico-sdk/src/rp2_common/pico_stdio_usb/reset_interface.c.o
 .bss.low_priority_irq_num
                0x20001fab        0x1 CMakeFiles/main.dir/pico-sdk/src/rp2_common/pico_stdio_usb/stdio_usb.c.o
 .bss.one_shot_timer_pending
                0x20001fac        0x1 CMakeFiles/main.dir/pico-sdk/src/rp2_common/pico_stdio_usb/stdio_usb.c.o
 .bss.user_irq_claimed
                0x20001fad        0x1 CMakeFiles/main.dir/pico-sdk/src/rp2_common/hardware_irq/irq.c.o
 *(COMMON)
                0x20001fb0                        . = ALIGN (0x4)
 *fill*         0x20001fae        0x2 
                0x20001fb0                        __bss_end__ = .

.heap           0x20001fb0      0x800 load address 0x10007edc
                0x20001fb0                        __end__ = .
                0x20001fb0                        end = __end__
 *(.heap*)
 .heap          0x20001fb0      0x800 CMakeFiles/main.dir/pico-sdk/src/rp2_common/pico_crt0/crt0.S.o
                0x20040000                        __HeapLimit = (ORIGIN (RAM) + LENGTH (RAM))

.scratch_x      0x20040000        0x0 load address 0x10007edc
                0x20040000                        __scratch_x_start__ = .
 *(.scratch_x.*)
                0x20040000                        . = ALIGN (0x4)
                0x20040000                        __scratch_x_end__ = .
                0x10007edc                        __scratch_x_source__ = LOADADDR (.scratch_x)

.scratch_y      0x20041000        0x0 load address 0x10007edc
                0x20041000                        __scratch_y_start__ = .
 *(.scratch_y.*)
                0x20041000                        . = ALIGN (0x4)
                0x20041000                        __scratch_y_end__ = .
                0x10007edc                        __scratch_y_source__ = LOADADDR (.scratch_y)

.stack1_dummy
 *(.stack1*)

.stack_dummy    0x20041000      0x800
 *(.stack*)
 .stack         0x20041000      0x800 CMakeFiles/main.dir/pico-sdk/src/rp2_common/pico_crt0/crt0.S.o

.rel.dyn        0x20041800        0x0
 .rel.iplt      0x20041800        0x0 /nix/store/ih9psjpxn2pbbzw4klr9s6hmmngc52n8-gcc-arm-embedded-14.3.rel1/bin/../lib/gcc/arm-none-eabi/14.3.1/thumb/v6-m/nofp/crtbegin.o

.flash_end      0x10007edc        0x0
 *(.embedded_end_block*)
                0x10007edc                        PROVIDE (__flash_binary_end = .)
                0x20040000                        __StackLimit = (ORIGIN (RAM) + LENGTH (RAM))
                0x20041000                        __StackOneTop = (ORIGIN (SCRATCH_X) + LENGTH (SCRATCH_X))
                0x20042000                        __StackTop = (ORIGIN (SCRATCH_Y) + LENGTH (SCRATCH_Y))
                0x20041000                        __StackOneBottom = (__StackOneTop - SIZEOF (.stack1_dummy))
                0x20041800                        __StackBottom = (__StackTop - SIZEOF (.stack_dummy))
                0x20042000                        PROVIDE (__stack = __StackTop)
                [!provide]                        PROVIDE (__heap_start = __end__)
                [!provide]                        PROVIDE (__heap_end = __HeapLimit)
                [!provide]                        PROVIDE (__tls_align = MAX (ALIGNOF (.tdata), ALIGNOF (.tbss)))
                [!provide]                        PROVIDE (__tls_size_align = (((__tls_size + __tls_align) - 0x1) & ~ ((__tls_align - 0x1))))
                [!provide]                        PROVIDE (__arm32_tls_tcb_offset = MAX (0x8, __tls_align))
                [!provide]                        PROVIDE (_end = __end__)
                [!provide]                        PROVIDE (__llvm_libc_heap_limit = __HeapLimit)
                0x00000001                        ASSERT ((__StackLimit >= __HeapLimit), region RAM overflowed)
                0x00000001                        ASSERT (((__binary_info_header_end - __logical_binary_start) <= 0x100), Binary info must be in first 256 bytes of the binary)
LOAD CMakeFiles/main.dir/main.cpp.o
LOAD CMakeFiles/main.dir/pico-sdk/src/rp2_common/pico_stdlib/stdlib.c.o
LOAD CMakeFiles/main.dir/pico-sdk/src/rp2_common/hardware_gpio/gpio.c.o
LOAD CMakeFiles/main.dir/pico-sdk/src/rp2040/pico_platform/platform.c.o
LOAD CMakeFiles/main.dir/pico-sdk/src/rp2_common/pico_platform_common/common.c.o
LOAD CMakeFiles/main.dir/pico-sdk/src/rp2_common/pico_platform_panic/panic.c.o
LOAD CMakeFiles/main.dir/pico-sdk/src/common/hardware_claim/claim.c.o
LOAD CMakeFiles/main.dir/pico-sdk/src/rp2_common/hardware_sync/sync.c.o
LOAD CMakeFiles/main.dir/pico-sdk/src/rp2_common/hardware_sync_spin_lock/sync_spin_lock.c.o
LOAD CMakeFiles/main.dir/pico-sdk/src/rp2_common/hardware_irq/irq.c.o
LOAD CMakeFiles/main.dir/pico-sdk/src/rp2_common/hardware_irq/irq_handler_chain.S.o
LOAD CMakeFiles/main.dir/pico-sdk/src/common/pico_sync/sem.c.o
LOAD CMakeFiles/main.dir/pico-sdk/src/common/pico_sync/lock_core.c.o
LOAD CMakeFiles/main.dir/pico-sdk/src/common/pico_sync/mutex.c.o
LOAD CMakeFiles/main.dir/pico-sdk/src/common/pico_sync/critical_section.c.o
LOAD CMakeFiles/main.dir/pico-sdk/src/common/pico_time/time.c.o
LOAD CMakeFiles/main.dir/pico-sdk/src/common/pico_time/timeout_helper.c.o
LOAD CMakeFiles/main.dir/pico-sdk/src/rp2_common/hardware_timer/timer.c.o
LOAD CMakeFiles/main.dir/pico-sdk/src/common/pico_util/datetime.c.o
LOAD CMakeFiles/main.dir/pico-sdk/src/common/pico_util/pheap.c.o
LOAD CMakeFiles/main.dir/pico-sdk/src/common/pico_util/queue.c.o
LOAD CMakeFiles/main.dir/pico-sdk/src/rp2_common/hardware_uart/uart.c.o
LOAD CMakeFiles/main.dir/pico-sdk/src/rp2_common/hardware_clocks/clocks.c.o
LOAD CMakeFiles/main.dir/pico-sdk/src/rp2_common/hardware_pll/pll.c.o
LOAD CMakeFiles/main.dir/pico-sdk/src/rp2_common/hardware_vreg/vreg.c.o
LOAD CMakeFiles/main.dir/pico-sdk/src/rp2_common/hardware_watchdog/watchdog.c.o
LOAD CMakeFiles/main.dir/pico-sdk/src/rp2_common/hardware_ticks/ticks.c.o
LOAD CMakeFiles/main.dir/pico-sdk/src/rp2_common/pico_bootrom/bootrom.c.o
LOAD CMakeFiles/main.dir/pico-sdk/src/rp2_common/pico_bootrom/bootrom_lock.c.o
LOAD CMakeFiles/main.dir/pico-sdk/src/rp2_common/hardware_boot_lock/boot_lock.c.o
LOAD CMakeFiles/main.dir/pico-sdk/src/rp2_common/pico_flash/flash.c.o
LOAD CMakeFiles/main.dir/pico-sdk/src/rp2_common/hardware_xosc/xosc.c.o
LOAD CMakeFiles/main.dir/pico-sdk/src/rp2_common/hardware_divider/divider.S.o
LOAD CMakeFiles/main.dir/pico-sdk/src/rp2_common/pico_runtime/runtime.c.o
LOAD CMakeFiles/main.dir/pico-sdk/src/rp2_common/pico_runtime_init/runtime_init.c.o
LOAD CMakeFiles/main.dir/pico-sdk/src/rp2_common/pico_runtime_init/runtime_init_clocks.c.o
LOAD CMakeFiles/main.dir/pico-sdk/src/rp2_common/pico_runtime_init/runtime_init_stack_guard.c.o
LOAD CMakeFiles/main.dir/pico-sdk/src/rp2_common/pico_bit_ops/bit_ops_aeabi.S.o
LOAD CMakeFiles/main.dir/pico-sdk/src/rp2_common/pico_divider/divider_hardware.S.o
LOAD CMakeFiles/main.dir/pico-sdk/src/rp2_common/pico_double/double_aeabi_rp2040.S.o
LOAD CMakeFiles/main.dir/pico-sdk/src/rp2_common/pico_double/double_init_rom_rp2040.c.o
LOAD CMakeFiles/main.dir/pico-sdk/src/rp2_common/pico_double/double_math.c.o
LOAD CMakeFiles/main.dir/pico-sdk/src/rp2_common/pico_double/double_v1_rom_shim_rp2040.S.o
LOAD CMakeFiles/main.dir/pico-sdk/src/rp2_common/pico_int64_ops/pico_int64_ops_aeabi.S.o
LOAD CMakeFiles/main.dir/pico-sdk/src/rp2_common/pico_float/float_aeabi_rp2040.S.o
LOAD CMakeFiles/main.dir/pico-sdk/src/rp2_common/pico_float/float_init_rom_rp2040.c.o
LOAD CMakeFiles/main.dir/pico-sdk/src/rp2_common/pico_float/float_math.c.o
LOAD CMakeFiles/main.dir/pico-sdk/src/rp2_common/pico_float/float_v1_rom_shim_rp2040.S.o
LOAD CMakeFiles/main.dir/pico-sdk/src/rp2_common/pico_malloc/malloc.c.o
LOAD CMakeFiles/main.dir/pico-sdk/src/rp2_common/pico_mem_ops/mem_ops_aeabi.S.o
LOAD CMakeFiles/main.dir/pico-sdk/src/rp2_common/pico_atomic/atomic.c.o
LOAD CMakeFiles/main.dir/pico-sdk/src/rp2_common/pico_cxx_options/new_delete.cpp.o
LOAD CMakeFiles/main.dir/pico-sdk/src/rp2_common/pico_standard_binary_info/standard_binary_info.c.o
LOAD CMakeFiles/main.dir/pico-sdk/src/rp2_common/pico_printf/printf.c.o
LOAD CMakeFiles/main.dir/pico-sdk/src/rp2_common/pico_crt0/crt0.S.o
LOAD CMakeFiles/main.dir/pico-sdk/src/rp2_common/pico_clib_interface/newlib_interface.c.o
LOAD CMakeFiles/main.dir/pico-sdk/src/rp2_common/pico_stdio/stdio.c.o
LOAD CMakeFiles/main.dir/pico-sdk/src/rp2_common/pico_stdio_usb/reset_interface.c.o
LOAD CMakeFiles/main.dir/pico-sdk/src/rp2_common/pico_stdio_usb/stdio_usb.c.o
LOAD CMakeFiles/main.dir/pico-sdk/src/rp2_common/pico_stdio_usb/stdio_usb_descriptors.c.o
LOAD CMakeFiles/main.dir/pico-sdk/src/rp2_common/pico_unique_id/unique_id.c.o
LOAD CMakeFiles/main.dir/pico-sdk/src/rp2_common/hardware_flash/flash.c.o
LOAD CMakeFiles/main.dir/pico-sdk/src/rp2_common/hardware_xip_cache/xip_cache.c.o
LOAD CMakeFiles/main.dir/pico-sdk/lib/tinyusb/src/portable/raspberrypi/rp2040/dcd_rp2040.c.o
LOAD CMakeFiles/main.dir/pico-sdk/lib/tinyusb/src/portable/raspberrypi/rp2040/rp2040_usb.c.o
LOAD CMakeFiles/main.dir/pico-sdk/lib/tinyusb/src/device/usbd.c.o
LOAD CMakeFiles/main.dir/pico-sdk/lib/tinyusb/src/device/usbd_control.c.o
LOAD CMakeFiles/main.dir/pico-sdk/lib/tinyusb/src/class/audio/audio_device.c.o
LOAD CMakeFiles/main.dir/pico-sdk/lib/tinyusb/src/class/cdc/cdc_device.c.o
LOAD CMakeFiles/main.dir/pico-sdk/lib/tinyusb/src/class/dfu/dfu_device.c.o
LOAD CMakeFiles/main.dir/pico-sdk/lib/tinyusb/src/class/dfu/dfu_rt_device.c.o
LOAD CMakeFiles/main.dir/pico-sdk/lib/tinyusb/src/class/hid/hid_device.c.o
LOAD CMakeFiles/main.dir/pico-sdk/lib/tinyusb/src/class/midi/midi_device.c.o
LOAD CMakeFiles/main.dir/pico-sdk/lib/tinyusb/src/class/msc/msc_device.c.o
LOAD CMakeFiles/main.dir/pico-sdk/lib/tinyusb/src/class/net/ecm_rndis_device.c.o
LOAD CMakeFiles/main.dir/pico-sdk/lib/tinyusb/src/class/net/ncm_device.c.o
LOAD CMakeFiles/main.dir/pico-sdk/lib/tinyusb/src/class/usbtmc/usbtmc_device.c.o
LOAD CMakeFiles/main.dir/pico-sdk/lib/tinyusb/src/class/vendor/vendor_device.c.o
LOAD CMakeFiles/main.dir/pico-sdk/lib/tinyusb/src/class/video/video_device.c.o
LOAD CMakeFiles/main.dir/pico-sdk/lib/tinyusb/src/tusb.c.o
LOAD CMakeFiles/main.dir/pico-sdk/lib/tinyusb/src/common/tusb_fifo.c.o
LOAD CMakeFiles/main.dir/pico-sdk/src/rp2_common/pico_fix/rp2040_usb_device_enumeration/rp2040_usb_device_enumeration.c.o
LOAD CMakeFiles/main.dir/pico-sdk/src/rp2_common/pico_cyw43_arch/cyw43_arch.c.o
LOAD CMakeFiles/main.dir/pico-sdk/src/rp2_common/pico_cyw43_arch/cyw43_arch_poll.c.o
LOAD CMakeFiles/main.dir/pico-sdk/src/rp2_common/pico_cyw43_arch/cyw43_arch_threadsafe_background.c.o
LOAD CMakeFiles/main.dir/pico-sdk/src/rp2_common/pico_cyw43_arch/cyw43_arch_freertos.c.o
LOAD CMakeFiles/main.dir/pico-sdk/src/rp2_common/pico_cyw43_driver/cyw43_bus_pio_spi.c.o
LOAD CMakeFiles/main.dir/pico-sdk/lib/cyw43-driver/src/cyw43_ll.c.o
LOAD CMakeFiles/main.dir/pico-sdk/lib/cyw43-driver/src/cyw43_stats.c.o
LOAD CMakeFiles/main.dir/pico-sdk/lib/cyw43-driver/src/cyw43_lwip.c.o
LOAD CMakeFiles/main.dir/pico-sdk/lib/cyw43-driver/src/cyw43_ctrl.c.o
LOAD CMakeFiles/main.dir/pico-sdk/src/rp2_common/pico_cyw43_driver/cybt_shared_bus/cybt_shared_bus.c.o
LOAD CMakeFiles/main.dir/pico-sdk/src/rp2_common/pico_cyw43_driver/cybt_shared_bus/cybt_shared_bus_driver.c.o
LOAD CMakeFiles/main.dir/pico-sdk/src/rp2_common/hardware_pio/pio.c.o
LOAD CMakeFiles/main.dir/pico-sdk/src/rp2_common/hardware_dma/dma.c.o
LOAD CMakeFiles/main.dir/pico-sdk/src/rp2_common/hardware_exception/exception.c.o
LOAD CMakeFiles/main.dir/pico-sdk/src/rp2_common/pico_cyw43_driver/cyw43_driver.c.o
LOAD CMakeFiles/main.dir/pico-sdk/src/rp2_common/pico_async_context/async_context_threadsafe_background.c.o
LOAD CMakeFiles/main.dir/pico-sdk/src/rp2_common/pico_async_context/async_context_base.c.o
LOAD pico-sdk/src/rp2040/boot_stage2/CMakeFiles/bs2_default_library.dir/bs2_default_padded_checksummed.S.o
LOAD /nix/store/ih9psjpxn2pbbzw4klr9s6hmmngc52n8-gcc-arm-embedded-14.3.rel1/bin/../lib/gcc/arm-none-eabi/14.3.1/../../../../arm-none-eabi/lib/thumb/v6-m/nofp/libstdc++.a
LOAD /nix/store/ih9psjpxn2pbbzw4klr9s6hmmngc52n8-gcc-arm-embedded-14.3.rel1/bin/../lib/gcc/arm-none-eabi/14.3.1/../../../../arm-none-eabi/lib/thumb/v6-m/nofp/libm.a
START GROUP
LOAD /nix/store/ih9psjpxn2pbbzw4klr9s6hmmngc52n8-gcc-arm-embedded-14.3.rel1/bin/../lib/gcc/arm-none-eabi/14.3.1/thumb/v6-m/nofp/libgcc.a
LOAD /nix/store/ih9psjpxn2pbbzw4klr9s6hmmngc52n8-gcc-arm-embedded-14.3.rel1/bin/../lib/gcc/arm-none-eabi/14.3.1/../../../../arm-none-eabi/lib/thumb/v6-m/nofp/libg.a
LOAD /nix/store/ih9psjpxn2pbbzw4klr9s6hmmngc52n8-gcc-arm-embedded-14.3.rel1/bin/../lib/gcc/arm-none-eabi/14.3.1/../../../../arm-none-eabi/lib/thumb/v6-m/nofp/libc.a
END GROUP
START GROUP
LOAD /nix/store/ih9psjpxn2pbbzw4klr9s6hmmngc52n8-gcc-arm-embedded-14.3.rel1/bin/../lib/gcc/arm-none-eabi/14.3.1/thumb/v6-m/nofp/libgcc.a
LOAD /nix/store/ih9psjpxn2pbbzw4klr9s6hmmngc52n8-gcc-arm-embedded-14.3.rel1/bin/../lib/gcc/arm-none-eabi/14.3.1/../../../../arm-none-eabi/lib/thumb/v6-m/nofp/libc.a
LOAD /nix/store/ih9psjpxn2pbbzw4klr9s6hmmngc52n8-gcc-arm-embedded-14.3.rel1/bin/../lib/gcc/arm-none-eabi/14.3.1/../../../../arm-none-eabi/lib/thumb/v6-m/nofp/libnosys.a
END GROUP
LOAD /nix/store/ih9psjpxn2pbbzw4klr9s6hmmngc52n8-gcc-arm-embedded-14.3.rel1/bin/../lib/gcc/arm-none-eabi/14.3.1/thumb/v6-m/nofp/crtend.o
LOAD /nix/store/ih9psjpxn2pbbzw4klr9s6hmmngc52n8-gcc-arm-embedded-14.3.rel1/bin/../lib/gcc/arm-none-eabi/14.3.1/thumb/v6-m/nofp/crtn.o
OUTPUT(main.elf elf32-littlearm)
LOAD linker stubs

.ARM.attributes
                0x00000000       0x28
 .ARM.attributes
                0x00000000       0x1e /nix/store/ih9psjpxn2pbbzw4klr9s6hmmngc52n8-gcc-arm-embedded-14.3.rel1/bin/../lib/gcc/arm-none-eabi/14.3.1/thumb/v6-m/nofp/crti.o
 .ARM.attributes
                0x0000001e       0x2c /nix/store/ih9psjpxn2pbbzw4klr9s6hmmngc52n8-gcc-arm-embedded-14.3.rel1/bin/../lib/gcc/arm-none-eabi/14.3.1/thumb/v6-m/nofp/crtbegin.o
 .ARM.attributes
                0x0000004a       0x2c CMakeFiles/main.dir/main.cpp.o
 .ARM.attributes
                0x00000076       0x2c CMakeFiles/main.dir/pico-sdk/src/rp2_common/hardware_gpio/gpio.c.o
 .ARM.attributes
                0x000000a2       0x2c CMakeFiles/main.dir/pico-sdk/src/rp2040/pico_platform/platform.c.o
 .ARM.attributes
                0x000000ce       0x2c CMakeFiles/main.dir/pico-sdk/src/rp2_common/pico_platform_panic/panic.c.o
 .ARM.attributes
                0x000000fa       0x2c CMakeFiles/main.dir/pico-sdk/src/common/hardware_claim/claim.c.o
 .ARM.attributes
                0x00000126       0x2c CMakeFiles/main.dir/pico-sdk/src/rp2_common/hardware_sync/sync.c.o
 .ARM.attributes
                0x00000152       0x2c CMakeFiles/main.dir/pico-sdk/src/rp2_common/hardware_sync_spin_lock/sync_spin_lock.c.o
 .ARM.attributes
                0x0000017e       0x2c CMakeFiles/main.dir/pico-sdk/src/rp2_common/hardware_irq/irq.c.o
 .ARM.attributes
                0x000001aa       0x22 CMakeFiles/main.dir/pico-sdk/src/rp2_common/hardware_irq/irq_handler_chain.S.o
 .ARM.attributes
                0x000001cc       0x2c CMakeFiles/main.dir/pico-sdk/src/common/pico_sync/lock_core.c.o
 .ARM.attributes
                0x000001f8       0x2c CMakeFiles/main.dir/pico-sdk/src/common/pico_sync/mutex.c.o
 .ARM.attributes
                0x00000224       0x2c CMakeFiles/main.dir/pico-sdk/src/common/pico_sync/critical_section.c.o
 .ARM.attributes
                0x00000250       0x2c CMakeFiles/main.dir/pico-sdk/src/common/pico_time/time.c.o
 .ARM.attributes
                0x0000027c       0x2c CMakeFiles/main.dir/pico-sdk/src/rp2_common/hardware_timer/timer.c.o
 .ARM.attributes
                0x000002a8       0x2c CMakeFiles/main.dir/pico-sdk/src/rp2_common/hardware_clocks/clocks.c.o
 .ARM.attributes
                0x000002d4       0x2c CMakeFiles/main.dir/pico-sdk/src/rp2_common/hardware_pll/pll.c.o
 .ARM.attributes
                0x00000300       0x2c CMakeFiles/main.dir/pico-sdk/src/rp2_common/hardware_watchdog/watchdog.c.o
 .ARM.attributes
                0x0000032c       0x2c CMakeFiles/main.dir/pico-sdk/src/rp2_common/hardware_ticks/ticks.c.o
 .ARM.attributes
                0x00000358       0x2c CMakeFiles/main.dir/pico-sdk/src/rp2_common/pico_bootrom/bootrom.c.o
 .ARM.attributes
                0x00000384       0x2c CMakeFiles/main.dir/pico-sdk/src/rp2_common/hardware_xosc/xosc.c.o
 .ARM.attributes
                0x000003b0       0x2c CMakeFiles/main.dir/pico-sdk/src/rp2_common/pico_runtime/runtime.c.o
 .ARM.attributes
                0x000003dc       0x2c CMakeFiles/main.dir/pico-sdk/src/rp2_common/pico_runtime_init/runtime_init.c.o
 .ARM.attributes
                0x00000408       0x2c CMakeFiles/main.dir/pico-sdk/src/rp2_common/pico_runtime_init/runtime_init_clocks.c.o
 .ARM.attributes
                0x00000434       0x22 CMakeFiles/main.dir/pico-sdk/src/rp2_common/pico_bit_ops/bit_ops_aeabi.S.o
 .ARM.attributes
                0x00000456       0x22 CMakeFiles/main.dir/pico-sdk/src/rp2_common/pico_divider/divider_hardware.S.o
 .ARM.attributes
                0x00000478       0x22 CMakeFiles/main.dir/pico-sdk/src/rp2_common/pico_double/double_aeabi_rp2040.S.o
 .ARM.attributes
                0x0000049a       0x2c CMakeFiles/main.dir/pico-sdk/src/rp2_common/pico_double/double_init_rom_rp2040.c.o
 .ARM.attributes
                0x000004c6       0x22 CMakeFiles/main.dir/pico-sdk/src/rp2_common/pico_double/double_v1_rom_shim_rp2040.S.o
 .ARM.attributes
                0x000004e8       0x22 CMakeFiles/main.dir/pico-sdk/src/rp2_common/pico_int64_ops/pico_int64_ops_aeabi.S.o
 .ARM.attributes
                0x0000050a       0x22 CMakeFiles/main.dir/pico-sdk/src/rp2_common/pico_float/float_aeabi_rp2040.S.o
 .ARM.attributes
                0x0000052c       0x2c CMakeFiles/main.dir/pico-sdk/src/rp2_common/pico_float/float_init_rom_rp2040.c.o
 .ARM.attributes
                0x00000558       0x22 CMakeFiles/main.dir/pico-sdk/src/rp2_common/pico_mem_ops/mem_ops_aeabi.S.o
 .ARM.attributes
                0x0000057a       0x2c CMakeFiles/main.dir/pico-sdk/src/rp2_common/pico_standard_binary_info/standard_binary_info.c.o
 .ARM.attributes
                0x000005a6       0x2c CMakeFiles/main.dir/pico-sdk/src/rp2_common/pico_printf/printf.c.o
 .ARM.attributes
                0x000005d2       0x22 CMakeFiles/main.dir/pico-sdk/src/rp2_common/pico_crt0/crt0.S.o
 .ARM.attributes
                0x000005f4       0x2c CMakeFiles/main.dir/pico-sdk/src/rp2_common/pico_clib_interface/newlib_interface.c.o
 .ARM.attributes
                0x00000620       0x2c CMakeFiles/main.dir/pico-sdk/src/rp2_common/pico_stdio/stdio.c.o
 .ARM.attributes
                0x0000064c       0x2c CMakeFiles/main.dir/pico-sdk/src/rp2_common/pico_stdio_usb/reset_interface.c.o
 .ARM.attributes
                0x00000678       0x2c CMakeFiles/main.dir/pico-sdk/src/rp2_common/pico_stdio_usb/stdio_usb.c.o
 .ARM.attributes
                0x000006a4       0x2c CMakeFiles/main.dir/pico-sdk/src/rp2_common/pico_stdio_usb/stdio_usb_descriptors.c.o
 .ARM.attributes
                0x000006d0       0x2c CMakeFiles/main.dir/pico-sdk/src/rp2_common/pico_unique_id/unique_id.c.o
 .ARM.attributes
                0x000006fc       0x2c CMakeFiles/main.dir/pico-sdk/src/rp2_common/hardware_flash/flash.c.o
 .ARM.attributes
                0x00000728       0x2c CMakeFiles/main.dir/pico-sdk/lib/tinyusb/src/portable/raspberrypi/rp2040/dcd_rp2040.c.o
 .ARM.attributes
                0x00000754       0x2c CMakeFiles/main.dir/pico-sdk/lib/tinyusb/src/portable/raspberrypi/rp2040/rp2040_usb.c.o
 .ARM.attributes
                0x00000780       0x2c CMakeFiles/main.dir/pico-sdk/lib/tinyusb/src/device/usbd.c.o
 .ARM.attributes
                0x000007ac       0x2c CMakeFiles/main.dir/pico-sdk/lib/tinyusb/src/device/usbd_control.c.o
 .ARM.attributes
                0x000007d8       0x2c CMakeFiles/main.dir/pico-sdk/lib/tinyusb/src/class/cdc/cdc_device.c.o
 .ARM.attributes